Archive member included to satisfy reference by file (symbol)

c:/ac6/systemworkbench/plugins/fr.ac6.mcu.externaltools.arm-none.win32_1.16.0.201807130628/tools/compiler/bin/../lib/gcc/arm-none-eabi/7.2.1/../../../../arm-none-eabi/lib/thumb/v7e-m/fpv4-sp/hard\libm.a(lib_a-s_cos.o)
                              src/main.o (cos)
c:/ac6/systemworkbench/plugins/fr.ac6.mcu.externaltools.arm-none.win32_1.16.0.201807130628/tools/compiler/bin/../lib/gcc/arm-none-eabi/7.2.1/../../../../arm-none-eabi/lib/thumb/v7e-m/fpv4-sp/hard\libm.a(lib_a-w_pow.o)
                              src/main.o (pow)
c:/ac6/systemworkbench/plugins/fr.ac6.mcu.externaltools.arm-none.win32_1.16.0.201807130628/tools/compiler/bin/../lib/gcc/arm-none-eabi/7.2.1/../../../../arm-none-eabi/lib/thumb/v7e-m/fpv4-sp/hard\libm.a(lib_a-e_pow.o)
                              c:/ac6/systemworkbench/plugins/fr.ac6.mcu.externaltools.arm-none.win32_1.16.0.201807130628/tools/compiler/bin/../lib/gcc/arm-none-eabi/7.2.1/../../../../arm-none-eabi/lib/thumb/v7e-m/fpv4-sp/hard\libm.a(lib_a-w_pow.o) (__ieee754_pow)
c:/ac6/systemworkbench/plugins/fr.ac6.mcu.externaltools.arm-none.win32_1.16.0.201807130628/tools/compiler/bin/../lib/gcc/arm-none-eabi/7.2.1/../../../../arm-none-eabi/lib/thumb/v7e-m/fpv4-sp/hard\libm.a(lib_a-e_rem_pio2.o)
                              c:/ac6/systemworkbench/plugins/fr.ac6.mcu.externaltools.arm-none.win32_1.16.0.201807130628/tools/compiler/bin/../lib/gcc/arm-none-eabi/7.2.1/../../../../arm-none-eabi/lib/thumb/v7e-m/fpv4-sp/hard\libm.a(lib_a-s_cos.o) (__ieee754_rem_pio2)
c:/ac6/systemworkbench/plugins/fr.ac6.mcu.externaltools.arm-none.win32_1.16.0.201807130628/tools/compiler/bin/../lib/gcc/arm-none-eabi/7.2.1/../../../../arm-none-eabi/lib/thumb/v7e-m/fpv4-sp/hard\libm.a(lib_a-e_sqrt.o)
                              c:/ac6/systemworkbench/plugins/fr.ac6.mcu.externaltools.arm-none.win32_1.16.0.201807130628/tools/compiler/bin/../lib/gcc/arm-none-eabi/7.2.1/../../../../arm-none-eabi/lib/thumb/v7e-m/fpv4-sp/hard\libm.a(lib_a-e_pow.o) (__ieee754_sqrt)
c:/ac6/systemworkbench/plugins/fr.ac6.mcu.externaltools.arm-none.win32_1.16.0.201807130628/tools/compiler/bin/../lib/gcc/arm-none-eabi/7.2.1/../../../../arm-none-eabi/lib/thumb/v7e-m/fpv4-sp/hard\libm.a(lib_a-k_cos.o)
                              c:/ac6/systemworkbench/plugins/fr.ac6.mcu.externaltools.arm-none.win32_1.16.0.201807130628/tools/compiler/bin/../lib/gcc/arm-none-eabi/7.2.1/../../../../arm-none-eabi/lib/thumb/v7e-m/fpv4-sp/hard\libm.a(lib_a-s_cos.o) (__kernel_cos)
c:/ac6/systemworkbench/plugins/fr.ac6.mcu.externaltools.arm-none.win32_1.16.0.201807130628/tools/compiler/bin/../lib/gcc/arm-none-eabi/7.2.1/../../../../arm-none-eabi/lib/thumb/v7e-m/fpv4-sp/hard\libm.a(lib_a-k_rem_pio2.o)
                              c:/ac6/systemworkbench/plugins/fr.ac6.mcu.externaltools.arm-none.win32_1.16.0.201807130628/tools/compiler/bin/../lib/gcc/arm-none-eabi/7.2.1/../../../../arm-none-eabi/lib/thumb/v7e-m/fpv4-sp/hard\libm.a(lib_a-e_rem_pio2.o) (__kernel_rem_pio2)
c:/ac6/systemworkbench/plugins/fr.ac6.mcu.externaltools.arm-none.win32_1.16.0.201807130628/tools/compiler/bin/../lib/gcc/arm-none-eabi/7.2.1/../../../../arm-none-eabi/lib/thumb/v7e-m/fpv4-sp/hard\libm.a(lib_a-k_sin.o)
                              c:/ac6/systemworkbench/plugins/fr.ac6.mcu.externaltools.arm-none.win32_1.16.0.201807130628/tools/compiler/bin/../lib/gcc/arm-none-eabi/7.2.1/../../../../arm-none-eabi/lib/thumb/v7e-m/fpv4-sp/hard\libm.a(lib_a-s_cos.o) (__kernel_sin)
c:/ac6/systemworkbench/plugins/fr.ac6.mcu.externaltools.arm-none.win32_1.16.0.201807130628/tools/compiler/bin/../lib/gcc/arm-none-eabi/7.2.1/../../../../arm-none-eabi/lib/thumb/v7e-m/fpv4-sp/hard\libm.a(lib_a-s_fabs.o)
                              c:/ac6/systemworkbench/plugins/fr.ac6.mcu.externaltools.arm-none.win32_1.16.0.201807130628/tools/compiler/bin/../lib/gcc/arm-none-eabi/7.2.1/../../../../arm-none-eabi/lib/thumb/v7e-m/fpv4-sp/hard\libm.a(lib_a-e_pow.o) (fabs)
c:/ac6/systemworkbench/plugins/fr.ac6.mcu.externaltools.arm-none.win32_1.16.0.201807130628/tools/compiler/bin/../lib/gcc/arm-none-eabi/7.2.1/../../../../arm-none-eabi/lib/thumb/v7e-m/fpv4-sp/hard\libm.a(lib_a-s_finite.o)
                              c:/ac6/systemworkbench/plugins/fr.ac6.mcu.externaltools.arm-none.win32_1.16.0.201807130628/tools/compiler/bin/../lib/gcc/arm-none-eabi/7.2.1/../../../../arm-none-eabi/lib/thumb/v7e-m/fpv4-sp/hard\libm.a(lib_a-w_pow.o) (finite)
c:/ac6/systemworkbench/plugins/fr.ac6.mcu.externaltools.arm-none.win32_1.16.0.201807130628/tools/compiler/bin/../lib/gcc/arm-none-eabi/7.2.1/../../../../arm-none-eabi/lib/thumb/v7e-m/fpv4-sp/hard\libm.a(lib_a-s_floor.o)
                              c:/ac6/systemworkbench/plugins/fr.ac6.mcu.externaltools.arm-none.win32_1.16.0.201807130628/tools/compiler/bin/../lib/gcc/arm-none-eabi/7.2.1/../../../../arm-none-eabi/lib/thumb/v7e-m/fpv4-sp/hard\libm.a(lib_a-k_rem_pio2.o) (floor)
[...]
Memory Configuration

Name             Origin             Length             Attributes
FLASH            0x08000000         0x00080000         xr
RAM              0x20000000         0x00018000         xrw
*default*        0x00000000         0xffffffff

Linker script and memory map

LOAD c:/ac6/systemworkbench/plugins/fr.ac6.mcu.externaltools.arm-none.win32_1.16.0.201807130628/tools/compiler/bin/../lib/gcc/arm-none-eabi/7.2.1/thumb/v7e-m/fpv4-sp/hard/crti.o
LOAD c:/ac6/systemworkbench/plugins/fr.ac6.mcu.externaltools.arm-none.win32_1.16.0.201807130628/tools/compiler/bin/../lib/gcc/arm-none-eabi/7.2.1/thumb/v7e-m/fpv4-sp/hard/crtbegin.o
LOAD c:/ac6/systemworkbench/plugins/fr.ac6.mcu.externaltools.arm-none.win32_1.16.0.201807130628/tools/compiler/bin/../lib/gcc/arm-none-eabi/7.2.1/../../../../arm-none-eabi/lib/thumb/v7e-m/fpv4-sp/hard/crt0.o
LOAD HAL_Driver/Src/Legacy/stm32f4xx_hal_can.o
LOAD HAL_Driver/Src/stm32f4xx_hal.o
LOAD HAL_Driver/Src/stm32f4xx_hal_cortex.o
LOAD HAL_Driver/Src/stm32f4xx_hal_dma.o
LOAD HAL_Driver/Src/stm32f4xx_hal_dma2d.o
LOAD HAL_Driver/Src/stm32f4xx_hal_dma_ex.o
LOAD HAL_Driver/Src/stm32f4xx_hal_gpio.o
LOAD HAL_Driver/Src/stm32f4xx_hal_i2c.o
LOAD HAL_Driver/Src/stm32f4xx_hal_i2c_ex.o
LOAD HAL_Driver/Src/stm32f4xx_hal_rcc.o
LOAD HAL_Driver/Src/stm32f4xx_hal_rcc_ex.o
LOAD HAL_Driver/Src/stm32f4xx_hal_tim.o
LOAD HAL_Driver/Src/stm32f4xx_hal_tim_ex.o
LOAD HAL_Driver/Src/stm32f4xx_hal_uart.o
LOAD HAL_Driver/Src/stm32f4xx_hal_usart.o
LOAD UltraLiteDriver/VL53L1X_api.o
LOAD UltraLiteDriver/VL53L1X_calibration.o
LOAD UltraLiteDriver/platform.o
LOAD Utilities/STM32F4xx-Nucleo/stm32f4xx_nucleo.o
LOAD src/main.o
LOAD src/platform_specific.o
LOAD src/stm32f4xx_it.o
LOAD src/syscalls.o
LOAD src/system_stm32f4xx.o
LOAD startup/startup_stm32f401xe.o
LOAD c:/ac6/systemworkbench/plugins/fr.ac6.mcu.externaltools.arm-none.win32_1.16.0.201807130628/tools/compiler/bin/../lib/gcc/arm-none-eabi/7.2.1/../../../../arm-none-eabi/lib/thumb/v7e-m/fpv4-sp/hard\libm.a
START GROUP
LOAD c:/ac6/systemworkbench/plugins/fr.ac6.mcu.externaltools.arm-none.win32_1.16.0.201807130628/tools/compiler/bin/../lib/gcc/arm-none-eabi/7.2.1/thumb/v7e-m/fpv4-sp/hard\libgcc.a
LOAD c:/ac6/systemworkbench/plugins/fr.ac6.mcu.externaltools.arm-none.win32_1.16.0.201807130628/tools/compiler/bin/../lib/gcc/arm-none-eabi/7.2.1/../../../../arm-none-eabi/lib/thumb/v7e-m/fpv4-sp/hard\libc_nano.a
END GROUP
START GROUP
LOAD c:/ac6/systemworkbench/plugins/fr.ac6.mcu.externaltools.arm-none.win32_1.16.0.201807130628/tools/compiler/bin/../lib/gcc/arm-none-eabi/7.2.1/thumb/v7e-m/fpv4-sp/hard\libgcc.a
LOAD c:/ac6/systemworkbench/plugins/fr.ac6.mcu.externaltools.arm-none.win32_1.16.0.201807130628/tools/compiler/bin/../lib/gcc/arm-none-eabi/7.2.1/../../../../arm-none-eabi/lib/thumb/v7e-m/fpv4-sp/hard\libc_nano.a
LOAD c:/ac6/systemworkbench/plugins/fr.ac6.mcu.externaltools.arm-none.win32_1.16.0.201807130628/tools/compiler/bin/../lib/gcc/arm-none-eabi/7.2.1/../../../../arm-none-eabi/lib/thumb/v7e-m/fpv4-sp/hard\libnosys.a
END GROUP
START GROUP
LOAD c:/ac6/systemworkbench/plugins/fr.ac6.mcu.externaltools.arm-none.win32_1.16.0.201807130628/tools/compiler/bin/../lib/gcc/arm-none-eabi/7.2.1/thumb/v7e-m/fpv4-sp/hard\libgcc.a
LOAD c:/ac6/systemworkbench/plugins/fr.ac6.mcu.externaltools.arm-none.win32_1.16.0.201807130628/tools/compiler/bin/../lib/gcc/arm-none-eabi/7.2.1/../../../../arm-none-eabi/lib/thumb/v7e-m/fpv4-sp/hard\libc_nano.a
LOAD c:/ac6/systemworkbench/plugins/fr.ac6.mcu.externaltools.arm-none.win32_1.16.0.201807130628/tools/compiler/bin/../lib/gcc/arm-none-eabi/7.2.1/../../../../arm-none-eabi/lib/thumb/v7e-m/fpv4-sp/hard\libnosys.a
END GROUP
LOAD c:/ac6/systemworkbench/plugins/fr.ac6.mcu.externaltools.arm-none.win32_1.16.0.201807130628/tools/compiler/bin/../lib/gcc/arm-none-eabi/7.2.1/thumb/v7e-m/fpv4-sp/hard/crtend.o
LOAD c:/ac6/systemworkbench/plugins/fr.ac6.mcu.externaltools.arm-none.win32_1.16.0.201807130628/tools/compiler/bin/../lib/gcc/arm-none-eabi/7.2.1/thumb/v7e-m/fpv4-sp/hard/crtn.o
                0x20018000                _estack = 0x20018000
                0x00000200                _Min_Heap_Size = 0x200
                0x00000400                _Min_Stack_Size = 0x400

.isr_vector     0x08000000      0x194
                0x08000000                . = ALIGN (0x4)
 *(.isr_vector)
 .isr_vector    0x08000000      0x194 startup/startup_stm32f401xe.o
                0x08000000                g_pfnVectors
                0x08000194                . = ALIGN (0x4)

.text           0x080001a0     0x9b70
                0x080001a0                . = ALIGN (0x4)
 *(.text)
 .text          0x080001a0       0x40 c:/ac6/systemworkbench/plugins/fr.ac6.mcu.externaltools.arm-none.win32_1.16.0.201807130628/tools/compiler/bin/../lib/gcc/arm-none-eabi/7.2.1/thumb/v7e-m/fpv4-sp/hard/crtbegin.o
 .text          0x080001e0      0x378 c:/ac6/systemworkbench/plugins/fr.ac6.mcu.externaltools.arm-none.win32_1.16.0.201807130628/tools/compiler/bin/../lib/gcc/arm-none-eabi/7.2.1/thumb/v7e-m/fpv4-sp/hard\libgcc.a(_arm_addsubdf3.o)
                0x080001e0                __aeabi_drsub
                0x080001e8                __aeabi_dsub
                0x080001e8                __subdf3
                0x080001ec                __aeabi_dadd
                0x080001ec                __adddf3
                0x08000464                __floatunsidf
                0x08000464                __aeabi_ui2d
                0x08000484                __floatsidf
                0x08000484                __aeabi_i2d
                0x080004a8                __aeabi_f2d
                0x080004a8                __extendsfdf2
                0x080004ec                __floatundidf
                0x080004ec                __aeabi_ul2d
                0x080004fc                __floatdidf
                0x080004fc                __aeabi_l2d
 .text          0x08000558      0x424 c:/ac6/systemworkbench/plugins/fr.ac6.mcu.externaltools.arm-none.win32_1.16.0.201807130628/tools/compiler/bin/../lib/gcc/arm-none-eabi/7.2.1/thumb/v7e-m/fpv4-sp/hard\libgcc.a(_arm_muldivdf3.o)
                0x08000558                __aeabi_dmul
                0x08000558                __muldf3
                0x080007ac                __divdf3
                0x080007ac                __aeabi_ddiv
 .text          0x0800097c      0x110 c:/ac6/systemworkbench/plugins/fr.ac6.mcu.externaltools.arm-none.win32_1.16.0.201807130628/tools/compiler/bin/../lib/gcc/arm-none-eabi/7.2.1/thumb/v7e-m/fpv4-sp/hard\libgcc.a(_arm_cmpdf2.o)
                0x0800097c                __gtdf2
                0x0800097c                __gedf2
                0x08000984                __ltdf2
                0x08000984                __ledf2
                0x0800098c                __nedf2
                0x0800098c                __eqdf2
                0x0800098c                __cmpdf2
                0x08000a08                __aeabi_cdrcmple
                0x08000a18                __aeabi_cdcmpeq
                0x08000a18                __aeabi_cdcmple
                0x08000a28                __aeabi_dcmpeq
                0x08000a3c                __aeabi_dcmplt
                0x08000a50                __aeabi_dcmple
                0x08000a64                __aeabi_dcmpge
                0x08000a78                __aeabi_dcmpgt
 .text          0x08000a8c       0x2c c:/ac6/systemworkbench/plugins/fr.ac6.mcu.externaltools.arm-none.win32_1.16.0.201807130628/tools/compiler/bin/../lib/gcc/arm-none-eabi/7.2.1/thumb/v7e-m/fpv4-sp/hard\libgcc.a(_arm_unorddf2.o)
                0x08000a8c                __unorddf2
                0x08000a8c                __aeabi_dcmpun
 .text          0x08000ab8       0x50 c:/ac6/systemworkbench/plugins/fr.ac6.mcu.externaltools.arm-none.win32_1.16.0.201807130628/tools/compiler/bin/../lib/gcc/arm-none-eabi/7.2.1/thumb/v7e-m/fpv4-sp/hard\libgcc.a(_arm_fixdfsi.o)
                0x08000ab8                __aeabi_d2iz
                0x08000ab8                __fixdfsi
 .text          0x08000b08       0x40 c:/ac6/systemworkbench/plugins/fr.ac6.mcu.externaltools.arm-none.win32_1.16.0.201807130628/tools/compiler/bin/../lib/gcc/arm-none-eabi/7.2.1/thumb/v7e-m/fpv4-sp/hard\libgcc.a(_arm_fixunsdfsi.o)
                0x08000b08                __aeabi_d2uiz
                0x08000b08                __fixunsdfsi
 .text          0x08000b48       0xa0 c:/ac6/systemworkbench/plugins/fr.ac6.mcu.externaltools.arm-none.win32_1.16.0.201807130628/tools/compiler/bin/../lib/gcc/arm-none-eabi/7.2.1/thumb/v7e-m/fpv4-sp/hard\libgcc.a(_arm_truncdfsf2.o)
                0x08000b48                __truncdfsf2
                0x08000b48                __aeabi_d2f
 .text          0x08000be8       0x30 c:/ac6/systemworkbench/plugins/fr.ac6.mcu.externaltools.arm-none.win32_1.16.0.201807130628/tools/compiler/bin/../lib/gcc/arm-none-eabi/7.2.1/thumb/v7e-m/fpv4-sp/hard\libgcc.a(_aeabi_uldivmod.o)
                0x08000be8                __aeabi_uldivmod
 .text          0x08000c18      0x2cc c:/ac6/systemworkbench/plugins/fr.ac6.mcu.externaltools.arm-none.win32_1.16.0.201807130628/tools/compiler/bin/../lib/gcc/arm-none-eabi/7.2.1/thumb/v7e-m/fpv4-sp/hard\libgcc.a(_udivmoddi4.o)
                0x08000c18                __udivmoddi4
 .text          0x08000ee4        0x4 c:/ac6/systemworkbench/plugins/fr.ac6.mcu.externaltools.arm-none.win32_1.16.0.201807130628/tools/compiler/bin/../lib/gcc/arm-none-eabi/7.2.1/thumb/v7e-m/fpv4-sp/hard\libgcc.a(_dvmd_tls.o)
                0x08000ee4                __aeabi_idiv0
                0x08000ee4                __aeabi_ldiv0
 .text          0x08000ee8       0x10 c:/ac6/systemworkbench/plugins/fr.ac6.mcu.externaltools.arm-none.win32_1.16.0.201807130628/tools/compiler/bin/../lib/gcc/arm-none-eabi/7.2.1/../../../../arm-none-eabi/lib/thumb/v7e-m/fpv4-sp/hard\libc_nano.a(lib_a-strlen.o)
                0x08000ee8                strlen
 *fill*         0x08000ef8        0x8 
 .text          0x08000f00       0xa0 c:/ac6/systemworkbench/plugins/fr.ac6.mcu.externaltools.arm-none.win32_1.16.0.201807130628/tools/compiler/bin/../lib/gcc/arm-none-eabi/7.2.1/../../../../arm-none-eabi/lib/thumb/v7e-m/fpv4-sp/hard\libc_nano.a(lib_a-memchr.o)
                0x08000f00                memchr
 *(.text*)
 .text.HAL_Init
                0x08000fa0       0x44 HAL_Driver/Src/stm32f4xx_hal.o
                0x08000fa0                HAL_Init
 .text.HAL_MspInit
                0x08000fe4        0xe HAL_Driver/Src/stm32f4xx_hal.o
                0x08000fe4                HAL_MspInit
 *fill*         0x08000ff2        0x2 
 .text.HAL_InitTick
                0x08000ff4       0x58 HAL_Driver/Src/stm32f4xx_hal.o
                0x08000ff4                HAL_InitTick
 .text.HAL_IncTick
                0x0800104c       0x28 HAL_Driver/Src/stm32f4xx_hal.o
                0x0800104c                HAL_IncTick
 .text.HAL_GetTick
                0x08001074       0x18 HAL_Driver/Src/stm32f4xx_hal.o
                0x08001074                HAL_GetTick
 .text.HAL_Delay
                0x0800108c       0x44 HAL_Driver/Src/stm32f4xx_hal.o
                0x0800108c                HAL_Delay
 .text.NVIC_SetPriorityGrouping
                0x080010d0       0x48 HAL_Driver/Src/stm32f4xx_hal_cortex.o
 .text.NVIC_GetPriorityGrouping
                0x08001118       0x1c HAL_Driver/Src/stm32f4xx_hal_cortex.o
 .text.NVIC_EnableIRQ
                0x08001134       0x34 HAL_Driver/Src/stm32f4xx_hal_cortex.o
 .text.NVIC_SetPriority
                0x08001168       0x54 HAL_Driver/Src/stm32f4xx_hal_cortex.o
 .text.NVIC_EncodePriority
                0x080011bc       0x66 HAL_Driver/Src/stm32f4xx_hal_cortex.o
 *fill*         0x08001222        0x2 
 .text.SysTick_Config
                0x08001224       0x44 HAL_Driver/Src/stm32f4xx_hal_cortex.o
 .text.HAL_NVIC_SetPriorityGrouping
                0x08001268       0x16 HAL_Driver/Src/stm32f4xx_hal_cortex.o
                0x08001268                HAL_NVIC_SetPriorityGrouping
 .text.HAL_NVIC_SetPriority
                0x0800127e       0x38 HAL_Driver/Src/stm32f4xx_hal_cortex.o
                0x0800127e                HAL_NVIC_SetPriority
 .text.HAL_NVIC_EnableIRQ
                0x080012b6       0x1c HAL_Driver/Src/stm32f4xx_hal_cortex.o
                0x080012b6                HAL_NVIC_EnableIRQ
 .text.HAL_SYSTICK_Config
                0x080012d2       0x18 HAL_Driver/Src/stm32f4xx_hal_cortex.o
                0x080012d2                HAL_SYSTICK_Config
 *fill*         0x080012ea        0x2 
 .text.HAL_SYSTICK_CLKSourceConfig
                0x080012ec       0x38 HAL_Driver/Src/stm32f4xx_hal_cortex.o
                0x080012ec                HAL_SYSTICK_CLKSourceConfig
 .text.HAL_SYSTICK_IRQHandler
                0x08001324        0xc HAL_Driver/Src/stm32f4xx_hal_cortex.o
                0x08001324                HAL_SYSTICK_IRQHandler
 .text.HAL_SYSTICK_Callback
                0x08001330        0xe HAL_Driver/Src/stm32f4xx_hal_cortex.o
                0x08001330                HAL_SYSTICK_Callback
 *fill*         0x0800133e        0x2 
 .text.HAL_DMA_Init
                0x08001340      0x15c HAL_Driver/Src/stm32f4xx_hal_dma.o
                0x08001340                HAL_DMA_Init
 .text.DMA_CalcBaseAndBitshift
                0x0800149c       0x6c HAL_Driver/Src/stm32f4xx_hal_dma.o
 .text.DMA_CheckFifoParam
                0x08001508       0xf4 HAL_Driver/Src/stm32f4xx_hal_dma.o
 .text.HAL_GPIO_Init
                0x080015fc      0x304 HAL_Driver/Src/stm32f4xx_hal_gpio.o
                0x080015fc                HAL_GPIO_Init
 .text.HAL_GPIO_ReadPin
                0x08001900       0x30 HAL_Driver/Src/stm32f4xx_hal_gpio.o
                0x08001900                HAL_GPIO_ReadPin
 .text.HAL_GPIO_WritePin
                0x08001930       0x32 HAL_Driver/Src/stm32f4xx_hal_gpio.o
                0x08001930                HAL_GPIO_WritePin
 *fill*         0x08001962        0x2 
 .text.HAL_I2C_Init
                0x08001964      0x1c0 HAL_Driver/Src/stm32f4xx_hal_i2c.o
                0x08001964                HAL_I2C_Init
 .text.HAL_I2C_MspInit
                0x08001b24       0x14 HAL_Driver/Src/stm32f4xx_hal_i2c.o
                0x08001b24                HAL_I2C_MspInit
 .text.HAL_I2C_Master_Transmit
                0x08001b38      0x21c HAL_Driver/Src/stm32f4xx_hal_i2c.o
                0x08001b38                HAL_I2C_Master_Transmit
 .text.HAL_I2C_Master_Receive
                0x08001d54      0x464 HAL_Driver/Src/stm32f4xx_hal_i2c.o
                0x08001d54                HAL_I2C_Master_Receive
 .text.I2C_MasterRequestWrite
                0x080021b8      0x104 HAL_Driver/Src/stm32f4xx_hal_i2c.o
 .text.I2C_MasterRequestRead
                0x080022bc      0x190 HAL_Driver/Src/stm32f4xx_hal_i2c.o
 .text.I2C_WaitOnFlagUntilTimeout
                0x0800244c       0xa2 HAL_Driver/Src/stm32f4xx_hal_i2c.o
 .text.I2C_WaitOnMasterAddressFlagUntilTimeout
                0x080024ee       0xdc HAL_Driver/Src/stm32f4xx_hal_i2c.o
 .text.I2C_WaitOnTXEFlagUntilTimeout
                0x080025ca       0x7a HAL_Driver/Src/stm32f4xx_hal_i2c.o
 .text.I2C_WaitOnBTFFlagUntilTimeout
                0x08002644       0x7a HAL_Driver/Src/stm32f4xx_hal_i2c.o
 .text.I2C_WaitOnRXNEFlagUntilTimeout
                0x080026be       0x94 HAL_Driver/Src/stm32f4xx_hal_i2c.o
 .text.I2C_IsAcknowledgeFailed
                0x08002752       0x50 HAL_Driver/Src/stm32f4xx_hal_i2c.o
 *fill*         0x080027a2        0x2 
 .text.HAL_RCC_OscConfig
                0x080027a4      0x484 HAL_Driver/Src/stm32f4xx_hal_rcc.o
                0x080027a4                HAL_RCC_OscConfig
 .text.HAL_RCC_ClockConfig
                0x08002c28      0x1c4 HAL_Driver/Src/stm32f4xx_hal_rcc.o
                0x08002c28                HAL_RCC_ClockConfig
 .text.HAL_RCC_GetSysClockFreq
                0x08002dec      0x1b0 HAL_Driver/Src/stm32f4xx_hal_rcc.o
                0x08002dec                HAL_RCC_GetSysClockFreq
 .text.HAL_RCC_GetHCLKFreq
                0x08002f9c       0x18 HAL_Driver/Src/stm32f4xx_hal_rcc.o
                0x08002f9c                HAL_RCC_GetHCLKFreq
 .text.HAL_RCC_GetPCLK1Freq
                0x08002fb4       0x28 HAL_Driver/Src/stm32f4xx_hal_rcc.o
                0x08002fb4                HAL_RCC_GetPCLK1Freq
 .text.HAL_RCC_GetPCLK2Freq
                0x08002fdc       0x28 HAL_Driver/Src/stm32f4xx_hal_rcc.o
                0x08002fdc                HAL_RCC_GetPCLK2Freq
 .text.HAL_UART_Init
                0x08003004       0x9a HAL_Driver/Src/stm32f4xx_hal_uart.o
                0x08003004                HAL_UART_Init
 .text.HAL_UART_Transmit
                0x0800309e      0x132 HAL_Driver/Src/stm32f4xx_hal_uart.o
                0x0800309e                HAL_UART_Transmit
 .text.HAL_UART_Receive_IT
                0x080031d0       0x9a HAL_Driver/Src/stm32f4xx_hal_uart.o
                0x080031d0                HAL_UART_Receive_IT
 .text.UART_WaitOnFlagUntilTimeout
                0x0800326a       0x94 HAL_Driver/Src/stm32f4xx_hal_uart.o
 *fill*         0x080032fe        0x2 
 .text.UART_SetConfig
                0x08003300      0x438 HAL_Driver/Src/stm32f4xx_hal_uart.o
 .text.VL53L1X_SetI2CAddress
                0x08003738       0x34 UltraLiteDriver/VL53L1X_api.o
                0x08003738                VL53L1X_SetI2CAddress
 .text.VL53L1X_SensorInit
                0x0800376c       0xb0 UltraLiteDriver/VL53L1X_api.o
                0x0800376c                VL53L1X_SensorInit
 .text.VL53L1X_ClearInterrupt
                0x0800381c       0x2a UltraLiteDriver/VL53L1X_api.o
                0x0800381c                VL53L1X_ClearInterrupt
 .text.VL53L1X_GetInterruptPolarity
                0x08003846       0x4e UltraLiteDriver/VL53L1X_api.o
                0x08003846                VL53L1X_GetInterruptPolarity
 .text.VL53L1X_StartRanging
                0x08003894       0x2a UltraLiteDriver/VL53L1X_api.o
                0x08003894                VL53L1X_StartRanging
 .text.VL53L1X_StopRanging
                0x080038be       0x2a UltraLiteDriver/VL53L1X_api.o
                0x080038be                VL53L1X_StopRanging
 .text.VL53L1X_CheckForDataReady
                0x080038e8       0x62 UltraLiteDriver/VL53L1X_api.o
                0x080038e8                VL53L1X_CheckForDataReady
 .text.VL53L1X_SetTimingBudgetInMs
                0x0800394a      0x20a UltraLiteDriver/VL53L1X_api.o
                0x0800394a                VL53L1X_SetTimingBudgetInMs
 .text.VL53L1X_GetTimingBudgetInMs
                0x08003b54       0xda UltraLiteDriver/VL53L1X_api.o
                0x08003b54                VL53L1X_GetTimingBudgetInMs
 .text.VL53L1X_SetDistanceMode
                0x08003c2e      0x134 UltraLiteDriver/VL53L1X_api.o
                0x08003c2e                VL53L1X_SetDistanceMode
 .text.VL53L1X_GetDistanceMode
                0x08003d62       0x46 UltraLiteDriver/VL53L1X_api.o
                0x08003d62                VL53L1X_GetDistanceMode
 .text.VL53L1X_SetInterMeasurementInMs
                0x08003da8       0x78 UltraLiteDriver/VL53L1X_api.o
                0x08003da8                VL53L1X_SetInterMeasurementInMs
 .text.VL53L1X_BootState
                0x08003e20       0x38 UltraLiteDriver/VL53L1X_api.o
                0x08003e20                VL53L1X_BootState
 .text.VL53L1X_GetDistance
                0x08003e58       0x34 UltraLiteDriver/VL53L1X_api.o
                0x08003e58                VL53L1X_GetDistance
 .text.VL53L1X_GetRangeStatus
                0x08003e8c       0x54 UltraLiteDriver/VL53L1X_api.o
                0x08003e8c                VL53L1X_GetRangeStatus
 .text.VL53L1X_SetOffset
                0x08003ee0       0x4c UltraLiteDriver/VL53L1X_api.o
                0x08003ee0                VL53L1X_SetOffset
 .text.VL53L1X_GetOffset
                0x08003f2c       0x46 UltraLiteDriver/VL53L1X_api.o
                0x08003f2c                VL53L1X_GetOffset
 .text.VL53L1X_SetROI
                0x08003f72       0x90 UltraLiteDriver/VL53L1X_api.o
                0x08003f72                VL53L1X_SetROI
 *fill*         0x08004002        0x2 
 .text.ReadRegister16
                0x08004004       0x78 UltraLiteDriver/platform.o
                0x08004004                ReadRegister16
 .text.ReadRegister8
                0x0800407c       0x6c UltraLiteDriver/platform.o
                0x0800407c                ReadRegister8
 .text.WriteRegister8
                0x080040e8       0x54 UltraLiteDriver/platform.o
                0x080040e8                WriteRegister8
 .text.VL53L1_WrByte
                0x0800413c       0x58 UltraLiteDriver/platform.o
                0x0800413c                VL53L1_WrByte
 .text.VL53L1_WrWord
                0x08004194       0x64 UltraLiteDriver/platform.o
                0x08004194                VL53L1_WrWord
 .text.VL53L1_WrDWord
                0x080041f8       0x70 UltraLiteDriver/platform.o
                0x080041f8                VL53L1_WrDWord
 .text.VL53L1_RdByte
                0x08004268       0x2e UltraLiteDriver/platform.o
                0x08004268                VL53L1_RdByte
 .text.VL53L1_RdWord
                0x08004296       0x2e UltraLiteDriver/platform.o
                0x08004296                VL53L1_RdWord
 .text.main     0x080042c4      0x2ac src/main.o
                0x080042c4                main
 .text.ResetAndInitializeAllSensors
                0x08004570      0x1c8 src/main.o
                0x08004570                ResetAndInitializeAllSensors
 .text.PlotPolarData
                0x08004738      0x244 src/main.o
                0x08004738                PlotPolarData
 .text.TurnOnSensor
                0x0800497c      0x164 src/main.o
                0x0800497c                TurnOnSensor
 .text.ResetAllSensors
                0x08004ae0       0xd8 src/main.o
                0x08004ae0                ResetAllSensors
 .text.MX_GPIO_Init
                0x08004bb8      0x348 src/main.o
                0x08004bb8                MX_GPIO_Init
 .text.SystemClock_Config
                0x08004f00       0xd0 src/main.o
                0x08004f00                SystemClock_Config
 .text.I2C_Init
                0x08004fd0       0xc0 src/platform_specific.o
                0x08004fd0                I2C_Init
 .text._I2cFailRecover
                0x08005090      0x144 src/platform_specific.o
                0x08005090                _I2cFailRecover
 .text.UART_Init
                0x080051d4       0xa4 src/platform_specific.o
                0x080051d4                UART_Init
 .text.UART_Reboot
                0x08005278       0x38 src/platform_specific.o
                0x08005278                UART_Reboot
 .text.UART_Print
                0x080052b0       0x28 src/platform_specific.o
                0x080052b0                UART_Print
 .text.HAL_UART_MspInit
                0x080052d8       0x9c src/platform_specific.o
                0x080052d8                HAL_UART_MspInit
 .text.SysTick_Handler
                0x08005374       0x10 src/stm32f4xx_it.o
                0x08005374                SysTick_Handler
 .text.USART2_IRQHandler
                0x08005384      0x2dc src/stm32f4xx_it.o
                0x08005384                USART2_IRQHandler
 .text._sbrk    0x08005660       0x58 src/syscalls.o
                0x08005660                _sbrk
 .text.SystemInit
                0x080056b8       0x6c src/system_stm32f4xx.o
                0x080056b8                SystemInit
 .text.Reset_Handler
                0x08005724       0x50 startup/startup_stm32f401xe.o
                0x08005724                Reset_Handler
 .text.Default_Handler
                0x08005774        0x2 startup/startup_stm32f401xe.o
                0x08005774                RTC_Alarm_IRQHandler
                0x08005774                EXTI2_IRQHandler
                0x08005774                DebugMon_Handler
                0x08005774                SPI4_IRQHandler
                0x08005774                TIM1_CC_IRQHandler
                0x08005774                DMA2_Stream5_IRQHandler
                0x08005774                HardFault_Handler
                0x08005774                DMA1_Stream5_IRQHandler
                0x08005774                PVD_IRQHandler
                0x08005774                SDIO_IRQHandler
                0x08005774                TAMP_STAMP_IRQHandler
                0x08005774                PendSV_Handler
                0x08005774                NMI_Handler
                0x08005774                EXTI3_IRQHandler
                0x08005774                TIM1_UP_TIM10_IRQHandler
                0x08005774                I2C3_ER_IRQHandler
                0x08005774                EXTI0_IRQHandler
                0x08005774                I2C2_EV_IRQHandler
                0x08005774                DMA1_Stream2_IRQHandler
                0x08005774                FPU_IRQHandler
                0x08005774                UsageFault_Handler
                0x08005774                DMA2_Stream2_IRQHandler
                0x08005774                SPI1_IRQHandler
                0x08005774                TIM1_BRK_TIM9_IRQHandler
                0x08005774                DMA2_Stream3_IRQHandler
                0x08005774                USART6_IRQHandler
                0x08005774                DMA2_Stream0_IRQHandler
                0x08005774                TIM4_IRQHandler
                0x08005774                I2C1_EV_IRQHandler
                0x08005774                DMA1_Stream6_IRQHandler
                0x08005774                DMA1_Stream1_IRQHandler
                0x08005774                TIM3_IRQHandler
                0x08005774                RCC_IRQHandler
                0x08005774                Default_Handler
                0x08005774                EXTI15_10_IRQHandler
                0x08005774                ADC_IRQHandler
                0x08005774                DMA1_Stream7_IRQHandler
                0x08005774                TIM5_IRQHandler
                0x08005774                DMA2_Stream7_IRQHandler
                0x08005774                I2C3_EV_IRQHandler
                0x08005774                EXTI9_5_IRQHandler
                0x08005774                RTC_WKUP_IRQHandler
                0x08005774                SPI2_IRQHandler
                0x08005774                MemManage_Handler
                0x08005774                DMA1_Stream0_IRQHandler
                0x08005774                SVC_Handler
                0x08005774                EXTI4_IRQHandler
                0x08005774                WWDG_IRQHandler
                0x08005774                TIM2_IRQHandler
                0x08005774                OTG_FS_WKUP_IRQHandler
                0x08005774                TIM1_TRG_COM_TIM11_IRQHandler
                0x08005774                EXTI1_IRQHandler
                0x08005774                I2C2_ER_IRQHandler
                0x08005774                DMA2_Stream1_IRQHandler
                0x08005774                FLASH_IRQHandler
                0x08005774                DMA2_Stream4_IRQHandler
                0x08005774                BusFault_Handler
                0x08005774                USART1_IRQHandler
                0x08005774                OTG_FS_IRQHandler
                0x08005774                SPI3_IRQHandler
                0x08005774                DMA1_Stream4_IRQHandler
                0x08005774                I2C1_ER_IRQHandler
                0x08005774                DMA2_Stream6_IRQHandler
                0x08005774                DMA1_Stream3_IRQHandler
 *fill*         0x08005776        0x2 
 .text.cos      0x08005778       0xc0 c:/ac6/systemworkbench/plugins/fr.ac6.mcu.externaltools.arm-none.win32_1.16.0.201807130628/tools/compiler/bin/../lib/gcc/arm-none-eabi/7.2.1/../../../../arm-none-eabi/lib/thumb/v7e-m/fpv4-sp/hard\libm.a(lib_a-s_cos.o)
                0x08005778                cos
 .text.pow      0x08005838      0x338 c:/ac6/systemworkbench/plugins/fr.ac6.mcu.externaltools.arm-none.win32_1.16.0.201807130628/tools/compiler/bin/../lib/gcc/arm-none-eabi/7.2.1/../../../../arm-none-eabi/lib/thumb/v7e-m/fpv4-sp/hard\libm.a(lib_a-w_pow.o)
                0x08005838                pow
 .text.__ieee754_pow
                0x08005b70      0xab8 c:/ac6/systemworkbench/plugins/fr.ac6.mcu.externaltools.arm-none.win32_1.16.0.201807130628/tools/compiler/bin/../lib/gcc/arm-none-eabi/7.2.1/../../../../arm-none-eabi/lib/thumb/v7e-m/fpv4-sp/hard\libm.a(lib_a-e_pow.o)
                0x08005b70                __ieee754_pow
 .text.__ieee754_rem_pio2
                0x08006628      0x454 c:/ac6/systemworkbench/plugins/fr.ac6.mcu.externaltools.arm-none.win32_1.16.0.201807130628/tools/compiler/bin/../lib/gcc/arm-none-eabi/7.2.1/../../../../arm-none-eabi/lib/thumb/v7e-m/fpv4-sp/hard\libm.a(lib_a-e_rem_pio2.o)
                0x08006628                __ieee754_rem_pio2
 .text.__ieee754_sqrt
                0x08006a7c      0x194 c:/ac6/systemworkbench/plugins/fr.ac6.mcu.externaltools.arm-none.win32_1.16.0.201807130628/tools/compiler/bin/../lib/gcc/arm-none-eabi/7.2.1/../../../../arm-none-eabi/lib/thumb/v7e-m/fpv4-sp/hard\libm.a(lib_a-e_sqrt.o)
                0x08006a7c                __ieee754_sqrt
 .text.__kernel_cos
                0x08006c10      0x284 c:/ac6/systemworkbench/plugins/fr.ac6.mcu.externaltools.arm-none.win32_1.16.0.201807130628/tools/compiler/bin/../lib/gcc/arm-none-eabi/7.2.1/../../../../arm-none-eabi/lib/thumb/v7e-m/fpv4-sp/hard\libm.a(lib_a-k_cos.o)
                0x08006c10                __kernel_cos
 *fill*         0x08006e94        0x4 
 .text.__kernel_rem_pio2
                0x08006e98      0x818 c:/ac6/systemworkbench/plugins/fr.ac6.mcu.externaltools.arm-none.win32_1.16.0.201807130628/tools/compiler/bin/../lib/gcc/arm-none-eabi/7.2.1/../../../../arm-none-eabi/lib/thumb/v7e-m/fpv4-sp/hard\libm.a(lib_a-k_rem_pio2.o)
                0x08006e98                __kernel_rem_pio2
 .text.__kernel_sin
                0x080076b0      0x194 c:/ac6/systemworkbench/plugins/fr.ac6.mcu.externaltools.arm-none.win32_1.16.0.201807130628/tools/compiler/bin/../lib/gcc/arm-none-eabi/7.2.1/../../../../arm-none-eabi/lib/thumb/v7e-m/fpv4-sp/hard\libm.a(lib_a-k_sin.o)
                0x080076b0                __kernel_sin
 .text.fabs     0x08007844       0x14 c:/ac6/systemworkbench/plugins/fr.ac6.mcu.externaltools.arm-none.win32_1.16.0.201807130628/tools/compiler/bin/../lib/gcc/arm-none-eabi/7.2.1/../../../../arm-none-eabi/lib/thumb/v7e-m/fpv4-sp/hard\libm.a(lib_a-s_fabs.o)
                0x08007844                fabs
 .text.finite   0x08007858       0x10 c:/ac6/systemworkbench/plugins/fr.ac6.mcu.externaltools.arm-none.win32_1.16.0.201807130628/tools/compiler/bin/../lib/gcc/arm-none-eabi/7.2.1/../../../../arm-none-eabi/lib/thumb/v7e-m/fpv4-sp/hard\libm.a(lib_a-s_finite.o)
                0x08007858                finite
 .text.floor    0x08007868      0x110 c:/ac6/systemworkbench/plugins/fr.ac6.mcu.externaltools.arm-none.win32_1.16.0.201807130628/tools/compiler/bin/../lib/gcc/arm-none-eabi/7.2.1/../../../../arm-none-eabi/lib/thumb/v7e-m/fpv4-sp/hard\libm.a(lib_a-s_floor.o)
                0x08007868                floor
 .text.matherr  0x08007978        0x4 c:/ac6/systemworkbench/plugins/fr.ac6.mcu.externaltools.arm-none.win32_1.16.0.201807130628/tools/compiler/bin/../lib/gcc/arm-none-eabi/7.2.1/../../../../arm-none-eabi/lib/thumb/v7e-m/fpv4-sp/hard\libm.a(lib_a-s_matherr.o)
                0x08007978                matherr
 *fill*         0x0800797c        0x4 
 .text.nan      0x08007980       0x10 c:/ac6/systemworkbench/plugins/fr.ac6.mcu.externaltools.arm-none.win32_1.16.0.201807130628/tools/compiler/bin/../lib/gcc/arm-none-eabi/7.2.1/../../../../arm-none-eabi/lib/thumb/v7e-m/fpv4-sp/hard\libm.a(lib_a-s_nan.o)
                0x08007980                nan
 .text.rint     0x08007990      0x110 c:/ac6/systemworkbench/plugins/fr.ac6.mcu.externaltools.arm-none.win32_1.16.0.201807130628/tools/compiler/bin/../lib/gcc/arm-none-eabi/7.2.1/../../../../arm-none-eabi/lib/thumb/v7e-m/fpv4-sp/hard\libm.a(lib_a-s_rint.o)
                0x08007990                rint
 .text.scalbn   0x08007aa0      0x114 c:/ac6/systemworkbench/plugins/fr.ac6.mcu.externaltools.arm-none.win32_1.16.0.201807130628/tools/compiler/bin/../lib/gcc/arm-none-eabi/7.2.1/../../../../arm-none-eabi/lib/thumb/v7e-m/fpv4-sp/hard\libm.a(lib_a-s_scalbn.o)
                0x08007aa0                scalbn
 .text.copysign
                0x08007bb4       0x1c c:/ac6/systemworkbench/plugins/fr.ac6.mcu.externaltools.arm-none.win32_1.16.0.201807130628/tools/compiler/bin/../lib/gcc/arm-none-eabi/7.2.1/../../../../arm-none-eabi/lib/thumb/v7e-m/fpv4-sp/hard\libm.a(lib_a-s_copysign.o)
                0x08007bb4                copysign
 .text.__errno  0x08007bd0        0xc c:/ac6/systemworkbench/plugins/fr.ac6.mcu.externaltools.arm-none.win32_1.16.0.201807130628/tools/compiler/bin/../lib/gcc/arm-none-eabi/7.2.1/../../../../arm-none-eabi/lib/thumb/v7e-m/fpv4-sp/hard\libc_nano.a(lib_a-errno.o)
                0x08007bd0                __errno
 .text.__libc_init_array
                0x08007bdc       0x48 c:/ac6/systemworkbench/plugins/fr.ac6.mcu.externaltools.arm-none.win32_1.16.0.201807130628/tools/compiler/bin/../lib/gcc/arm-none-eabi/7.2.1/../../../../arm-none-eabi/lib/thumb/v7e-m/fpv4-sp/hard\libc_nano.a(lib_a-init.o)
                0x08007bdc                __libc_init_array
 .text.memcpy   0x08007c24       0x16 c:/ac6/systemworkbench/plugins/fr.ac6.mcu.externaltools.arm-none.win32_1.16.0.201807130628/tools/compiler/bin/../lib/gcc/arm-none-eabi/7.2.1/../../../../arm-none-eabi/lib/thumb/v7e-m/fpv4-sp/hard\libc_nano.a(lib_a-memcpy-stub.o)
                0x08007c24                memcpy
 .text.memset   0x08007c3a       0x10 c:/ac6/systemworkbench/plugins/fr.ac6.mcu.externaltools.arm-none.win32_1.16.0.201807130628/tools/compiler/bin/../lib/gcc/arm-none-eabi/7.2.1/../../../../arm-none-eabi/lib/thumb/v7e-m/fpv4-sp/hard\libc_nano.a(lib_a-memset.o)
                0x08007c3a                memset
 .text.__cvt    0x08007c4a       0xc2 c:/ac6/systemworkbench/plugins/fr.ac6.mcu.externaltools.arm-none.win32_1.16.0.201807130628/tools/compiler/bin/../lib/gcc/arm-none-eabi/7.2.1/../../../../arm-none-eabi/lib/thumb/v7e-m/fpv4-sp/hard\libc_nano.a(lib_a-nano-vfprintf_float.o)
                0x08007c4a                __cvt
 .text.__exponent
                0x08007d0c       0x66 c:/ac6/systemworkbench/plugins/fr.ac6.mcu.externaltools.arm-none.win32_1.16.0.201807130628/tools/compiler/bin/../lib/gcc/arm-none-eabi/7.2.1/../../../../arm-none-eabi/lib/thumb/v7e-m/fpv4-sp/hard\libc_nano.a(lib_a-nano-vfprintf_float.o)
                0x08007d0c                __exponent
 *fill*         0x08007d72        0x2 
 .text._printf_float
                0x08007d74      0x480 c:/ac6/systemworkbench/plugins/fr.ac6.mcu.externaltools.arm-none.win32_1.16.0.201807130628/tools/compiler/bin/../lib/gcc/arm-none-eabi/7.2.1/../../../../arm-none-eabi/lib/thumb/v7e-m/fpv4-sp/hard\libc_nano.a(lib_a-nano-vfprintf_float.o)
                0x08007d74                _printf_float
 .text._printf_common
                0x080081f4       0xea c:/ac6/systemworkbench/plugins/fr.ac6.mcu.externaltools.arm-none.win32_1.16.0.201807130628/tools/compiler/bin/../lib/gcc/arm-none-eabi/7.2.1/../../../../arm-none-eabi/lib/thumb/v7e-m/fpv4-sp/hard\libc_nano.a(lib_a-nano-vfprintf_i.o)
                0x080081f4                _printf_common
 *fill*         0x080082de        0x2 
 .text._printf_i
                0x080082e0      0x224 c:/ac6/systemworkbench/plugins/fr.ac6.mcu.externaltools.arm-none.win32_1.16.0.201807130628/tools/compiler/bin/../lib/gcc/arm-none-eabi/7.2.1/../../../../arm-none-eabi/lib/thumb/v7e-m/fpv4-sp/hard\libc_nano.a(lib_a-nano-vfprintf_i.o)
                0x080082e0                _printf_i
 .text.snprintf
                0x08008504       0x68 c:/ac6/systemworkbench/plugins/fr.ac6.mcu.externaltools.arm-none.win32_1.16.0.201807130628/tools/compiler/bin/../lib/gcc/arm-none-eabi/7.2.1/../../../../arm-none-eabi/lib/thumb/v7e-m/fpv4-sp/hard\libc_nano.a(lib_a-snprintf.o)
                0x08008504                sniprintf
                0x08008504                snprintf
 .text.strcat   0x0800856c       0x1e c:/ac6/systemworkbench/plugins/fr.ac6.mcu.externaltools.arm-none.win32_1.16.0.201807130628/tools/compiler/bin/../lib/gcc/arm-none-eabi/7.2.1/../../../../arm-none-eabi/lib/thumb/v7e-m/fpv4-sp/hard\libc_nano.a(lib_a-strcat.o)
                0x0800856c                strcat
 .text.quorem   0x0800858a      0x118 c:/ac6/systemworkbench/plugins/fr.ac6.mcu.externaltools.arm-none.win32_1.16.0.201807130628/tools/compiler/bin/../lib/gcc/arm-none-eabi/7.2.1/../../../../arm-none-eabi/lib/thumb/v7e-m/fpv4-sp/hard\libc_nano.a(lib_a-dtoa.o)
 *fill*         0x080086a2        0x6 
 .text._dtoa_r  0x080086a8      0xb70 c:/ac6/systemworkbench/plugins/fr.ac6.mcu.externaltools.arm-none.win32_1.16.0.201807130628/tools/compiler/bin/../lib/gcc/arm-none-eabi/7.2.1/../../../../arm-none-eabi/lib/thumb/v7e-m/fpv4-sp/hard\libc_nano.a(lib_a-dtoa.o)
                0x080086a8                _dtoa_r
 .text._localeconv_r
                0x08009218       0x1c c:/ac6/systemworkbench/plugins/fr.ac6.mcu.externaltools.arm-none.win32_1.16.0.201807130628/tools/compiler/bin/../lib/gcc/arm-none-eabi/7.2.1/../../../../arm-none-eabi/lib/thumb/v7e-m/fpv4-sp/hard\libc_nano.a(lib_a-localeconv.o)
                0x08009218                _localeconv_r
 .text.malloc   0x08009234       0x10 c:/ac6/systemworkbench/plugins/fr.ac6.mcu.externaltools.arm-none.win32_1.16.0.201807130628/tools/compiler/bin/../lib/gcc/arm-none-eabi/7.2.1/../../../../arm-none-eabi/lib/thumb/v7e-m/fpv4-sp/hard\libc_nano.a(lib_a-malloc.o)
                0x08009234                malloc
 .text._Balloc  0x08009244       0x68 c:/ac6/systemworkbench/plugins/fr.ac6.mcu.externaltools.arm-none.win32_1.16.0.201807130628/tools/compiler/bin/../lib/gcc/arm-none-eabi/7.2.1/../../../../arm-none-eabi/lib/thumb/v7e-m/fpv4-sp/hard\libc_nano.a(lib_a-mprec.o)
                0x08009244                _Balloc
 .text._Bfree   0x080092ac       0x2e c:/ac6/systemworkbench/plugins/fr.ac6.mcu.externaltools.arm-none.win32_1.16.0.201807130628/tools/compiler/bin/../lib/gcc/arm-none-eabi/7.2.1/../../../../arm-none-eabi/lib/thumb/v7e-m/fpv4-sp/hard\libc_nano.a(lib_a-mprec.o)
                0x080092ac                _Bfree
 .text.__multadd
                0x080092da       0x76 c:/ac6/systemworkbench/plugins/fr.ac6.mcu.externaltools.arm-none.win32_1.16.0.201807130628/tools/compiler/bin/../lib/gcc/arm-none-eabi/7.2.1/../../../../arm-none-eabi/lib/thumb/v7e-m/fpv4-sp/hard\libc_nano.a(lib_a-mprec.o)
                0x080092da                __multadd
 .text.__hi0bits
                0x08009350       0x3e c:/ac6/systemworkbench/plugins/fr.ac6.mcu.externaltools.arm-none.win32_1.16.0.201807130628/tools/compiler/bin/../lib/gcc/arm-none-eabi/7.2.1/../../../../arm-none-eabi/lib/thumb/v7e-m/fpv4-sp/hard\libc_nano.a(lib_a-mprec.o)
                0x08009350                __hi0bits
 .text.__lo0bits
                0x0800938e       0x5e c:/ac6/systemworkbench/plugins/fr.ac6.mcu.externaltools.arm-none.win32_1.16.0.201807130628/tools/compiler/bin/../lib/gcc/arm-none-eabi/7.2.1/../../../../arm-none-eabi/lib/thumb/v7e-m/fpv4-sp/hard\libc_nano.a(lib_a-mprec.o)
                0x0800938e                __lo0bits
 .text.__i2b    0x080093ec       0x12 c:/ac6/systemworkbench/plugins/fr.ac6.mcu.externaltools.arm-none.win32_1.16.0.201807130628/tools/compiler/bin/../lib/gcc/arm-none-eabi/7.2.1/../../../../arm-none-eabi/lib/thumb/v7e-m/fpv4-sp/hard\libc_nano.a(lib_a-mprec.o)
                0x080093ec                __i2b
 .text.__multiply
                0x080093fe      0x12c c:/ac6/systemworkbench/plugins/fr.ac6.mcu.externaltools.arm-none.win32_1.16.0.201807130628/tools/compiler/bin/../lib/gcc/arm-none-eabi/7.2.1/../../../../arm-none-eabi/lib/thumb/v7e-m/fpv4-sp/hard\libc_nano.a(lib_a-mprec.o)
                0x080093fe                __multiply
 *fill*         0x0800952a        0x2 
 .text.__pow5mult
                0x0800952c       0x9c c:/ac6/systemworkbench/plugins/fr.ac6.mcu.externaltools.arm-none.win32_1.16.0.201807130628/tools/compiler/bin/../lib/gcc/arm-none-eabi/7.2.1/../../../../arm-none-eabi/lib/thumb/v7e-m/fpv4-sp/hard\libc_nano.a(lib_a-mprec.o)
                0x0800952c                __pow5mult
 .text.__lshift
                0x080095c8       0xa8 c:/ac6/systemworkbench/plugins/fr.ac6.mcu.externaltools.arm-none.win32_1.16.0.201807130628/tools/compiler/bin/../lib/gcc/arm-none-eabi/7.2.1/../../../../arm-none-eabi/lib/thumb/v7e-m/fpv4-sp/hard\libc_nano.a(lib_a-mprec.o)
                0x080095c8                __lshift
 .text.__mcmp   0x08009670       0x34 c:/ac6/systemworkbench/plugins/fr.ac6.mcu.externaltools.arm-none.win32_1.16.0.201807130628/tools/compiler/bin/../lib/gcc/arm-none-eabi/7.2.1/../../../../arm-none-eabi/lib/thumb/v7e-m/fpv4-sp/hard\libc_nano.a(lib_a-mprec.o)
                0x08009670                __mcmp
 .text.__mdiff  0x080096a4       0xba c:/ac6/systemworkbench/plugins/fr.ac6.mcu.externaltools.arm-none.win32_1.16.0.201807130628/tools/compiler/bin/../lib/gcc/arm-none-eabi/7.2.1/../../../../arm-none-eabi/lib/thumb/v7e-m/fpv4-sp/hard\libc_nano.a(lib_a-mprec.o)
                0x080096a4                __mdiff
 .text.__d2b    0x0800975e       0x9e c:/ac6/systemworkbench/plugins/fr.ac6.mcu.externaltools.arm-none.win32_1.16.0.201807130628/tools/compiler/bin/../lib/gcc/arm-none-eabi/7.2.1/../../../../arm-none-eabi/lib/thumb/v7e-m/fpv4-sp/hard\libc_nano.a(lib_a-mprec.o)
                0x0800975e                __d2b
 .text._calloc_r
                0x080097fc       0x1c c:/ac6/systemworkbench/plugins/fr.ac6.mcu.externaltools.arm-none.win32_1.16.0.201807130628/tools/compiler/bin/../lib/gcc/arm-none-eabi/7.2.1/../../../../arm-none-eabi/lib/thumb/v7e-m/fpv4-sp/hard\libc_nano.a(lib_a-nano-callocr.o)
                0x080097fc                _calloc_r
 .text._free_r  0x08009818       0x9c c:/ac6/systemworkbench/plugins/fr.ac6.mcu.externaltools.arm-none.win32_1.16.0.201807130628/tools/compiler/bin/../lib/gcc/arm-none-eabi/7.2.1/../../../../arm-none-eabi/lib/thumb/v7e-m/fpv4-sp/hard\libc_nano.a(lib_a-nano-freer.o)
                0x08009818                _free_r
 .text._malloc_r
                0x080098b4       0xb4 c:/ac6/systemworkbench/plugins/fr.ac6.mcu.externaltools.arm-none.win32_1.16.0.201807130628/tools/compiler/bin/../lib/gcc/arm-none-eabi/7.2.1/../../../../arm-none-eabi/lib/thumb/v7e-m/fpv4-sp/hard\libc_nano.a(lib_a-nano-mallocr.o)
                0x080098b4                _malloc_r
 .text.__ssputs_r
                0x08009968       0xb4 c:/ac6/systemworkbench/plugins/fr.ac6.mcu.externaltools.arm-none.win32_1.16.0.201807130628/tools/compiler/bin/../lib/gcc/arm-none-eabi/7.2.1/../../../../arm-none-eabi/lib/thumb/v7e-m/fpv4-sp/hard\libc_nano.a(lib_a-nano-svfprintf.o)
                0x08009968                __ssputs_r
 .text._svfprintf_r
                0x08009a1c      0x1ec c:/ac6/systemworkbench/plugins/fr.ac6.mcu.externaltools.arm-none.win32_1.16.0.201807130628/tools/compiler/bin/../lib/gcc/arm-none-eabi/7.2.1/../../../../arm-none-eabi/lib/thumb/v7e-m/fpv4-sp/hard\libc_nano.a(lib_a-nano-svfprintf.o)
                0x08009a1c                _svfiprintf_r
                0x08009a1c                _svfprintf_r
 .text._sbrk_r  0x08009c08       0x20 c:/ac6/systemworkbench/plugins/fr.ac6.mcu.externaltools.arm-none.win32_1.16.0.201807130628/tools/compiler/bin/../lib/gcc/arm-none-eabi/7.2.1/../../../../arm-none-eabi/lib/thumb/v7e-m/fpv4-sp/hard\libc_nano.a(lib_a-sbrkr.o)
                0x08009c08                _sbrk_r
 .text.__ascii_mbtowc
                0x08009c28       0x24 c:/ac6/systemworkbench/plugins/fr.ac6.mcu.externaltools.arm-none.win32_1.16.0.201807130628/tools/compiler/bin/../lib/gcc/arm-none-eabi/7.2.1/../../../../arm-none-eabi/lib/thumb/v7e-m/fpv4-sp/hard\libc_nano.a(lib_a-mbtowc_r.o)
                0x08009c28                __ascii_mbtowc
 .text.memmove  0x08009c4c       0x32 c:/ac6/systemworkbench/plugins/fr.ac6.mcu.externaltools.arm-none.win32_1.16.0.201807130628/tools/compiler/bin/../lib/gcc/arm-none-eabi/7.2.1/../../../../arm-none-eabi/lib/thumb/v7e-m/fpv4-sp/hard\libc_nano.a(lib_a-memmove.o)
                0x08009c4c                memmove
 .text.__malloc_lock
                0x08009c7e        0x2 c:/ac6/systemworkbench/plugins/fr.ac6.mcu.externaltools.arm-none.win32_1.16.0.201807130628/tools/compiler/bin/../lib/gcc/arm-none-eabi/7.2.1/../../../../arm-none-eabi/lib/thumb/v7e-m/fpv4-sp/hard\libc_nano.a(lib_a-mlock.o)
                0x08009c7e                __malloc_lock
 .text.__malloc_unlock
                0x08009c80        0x2 c:/ac6/systemworkbench/plugins/fr.ac6.mcu.externaltools.arm-none.win32_1.16.0.201807130628/tools/compiler/bin/../lib/gcc/arm-none-eabi/7.2.1/../../../../arm-none-eabi/lib/thumb/v7e-m/fpv4-sp/hard\libc_nano.a(lib_a-mlock.o)
                0x08009c80                __malloc_unlock
 .text._realloc_r
                0x08009c82       0x4c c:/ac6/systemworkbench/plugins/fr.ac6.mcu.externaltools.arm-none.win32_1.16.0.201807130628/tools/compiler/bin/../lib/gcc/arm-none-eabi/7.2.1/../../../../arm-none-eabi/lib/thumb/v7e-m/fpv4-sp/hard\libc_nano.a(lib_a-nano-reallocr.o)
                0x08009c82                _realloc_r
 .text.__ascii_wctomb
                0x08009cce       0x1a c:/ac6/systemworkbench/plugins/fr.ac6.mcu.externaltools.arm-none.win32_1.16.0.201807130628/tools/compiler/bin/../lib/gcc/arm-none-eabi/7.2.1/../../../../arm-none-eabi/lib/thumb/v7e-m/fpv4-sp/hard\libc_nano.a(lib_a-wctomb_r.o)
                0x08009cce                __ascii_wctomb
 .text._malloc_usable_size_r
                0x08009ce8       0x10 c:/ac6/systemworkbench/plugins/fr.ac6.mcu.externaltools.arm-none.win32_1.16.0.201807130628/tools/compiler/bin/../lib/gcc/arm-none-eabi/7.2.1/../../../../arm-none-eabi/lib/thumb/v7e-m/fpv4-sp/hard\libc_nano.a(lib_a-nano-msizer.o)
                0x08009ce8                _malloc_usable_size_r
 *(.glue_7)
 .glue_7        0x08009cf8        0x0 linker stubs
 *(.glue_7t)
 .glue_7t       0x08009cf8        0x0 linker stubs
 *(.eh_frame)
 .eh_frame      0x08009cf8        0x0 c:/ac6/systemworkbench/plugins/fr.ac6.mcu.externaltools.arm-none.win32_1.16.0.201807130628/tools/compiler/bin/../lib/gcc/arm-none-eabi/7.2.1/thumb/v7e-m/fpv4-sp/hard/crtbegin.o
 *(.init)
 .init          0x08009cf8        0x4 c:/ac6/systemworkbench/plugins/fr.ac6.mcu.externaltools.arm-none.win32_1.16.0.201807130628/tools/compiler/bin/../lib/gcc/arm-none-eabi/7.2.1/thumb/v7e-m/fpv4-sp/hard/crti.o
                0x08009cf8                _init
 .init          0x08009cfc        0x8 c:/ac6/systemworkbench/plugins/fr.ac6.mcu.externaltools.arm-none.win32_1.16.0.201807130628/tools/compiler/bin/../lib/gcc/arm-none-eabi/7.2.1/thumb/v7e-m/fpv4-sp/hard/crtn.o
 *(.fini)
 .fini          0x08009d04        0x4 c:/ac6/systemworkbench/plugins/fr.ac6.mcu.externaltools.arm-none.win32_1.16.0.201807130628/tools/compiler/bin/../lib/gcc/arm-none-eabi/7.2.1/thumb/v7e-m/fpv4-sp/hard/crti.o
                0x08009d04                _fini
 .fini          0x08009d08        0x8 c:/ac6/systemworkbench/plugins/fr.ac6.mcu.externaltools.arm-none.win32_1.16.0.201807130628/tools/compiler/bin/../lib/gcc/arm-none-eabi/7.2.1/thumb/v7e-m/fpv4-sp/hard/crtn.o
                0x08009d10                . = ALIGN (0x4)
                0x08009d10                _etext = .

.vfp11_veneer   0x08009d10        0x0
 .vfp11_veneer  0x08009d10        0x0 linker stubs

.v4_bx          0x08009d10        0x0
 .v4_bx         0x08009d10        0x0 linker stubs

.iplt           0x08009d10        0x0
 .iplt          0x08009d10        0x0 c:/ac6/systemworkbench/plugins/fr.ac6.mcu.externaltools.arm-none.win32_1.16.0.201807130628/tools/compiler/bin/../lib/gcc/arm-none-eabi/7.2.1/thumb/v7e-m/fpv4-sp/hard/crtbegin.o

.rodata         0x08009d10      0x5b8
                0x08009d10                . = ALIGN (0x4)
 *(.rodata)
 .rodata        0x08009d10        0x8 HAL_Driver/Src/stm32f4xx_hal_dma.o
 .rodata        0x08009d18       0x74 UltraLiteDriver/VL53L1X_api.o
                0x08009d18                VL51L1X_DEFAULT_CONFIGURATION
 .rodata        0x08009d8c       0x46 src/main.o
 *fill*         0x08009dd2        0x2 
 .rodata        0x08009dd4       0x88 src/stm32f4xx_it.o
 .rodata        0x08009e5c       0x18 src/system_stm32f4xx.o
                0x08009e5c                AHBPrescTable
                0x08009e6c                APBPrescTable
 *(.rodata*)
 .rodata.pow.str1.4
                0x08009e74        0x4 c:/ac6/systemworkbench/plugins/fr.ac6.mcu.externaltools.arm-none.win32_1.16.0.201807130628/tools/compiler/bin/../lib/gcc/arm-none-eabi/7.2.1/../../../../arm-none-eabi/lib/thumb/v7e-m/fpv4-sp/hard\libm.a(lib_a-w_pow.o)
 .rodata.__ieee754_pow.str1.4
                0x08009e78        0x4 c:/ac6/systemworkbench/plugins/fr.ac6.mcu.externaltools.arm-none.win32_1.16.0.201807130628/tools/compiler/bin/../lib/gcc/arm-none-eabi/7.2.1/../../../../arm-none-eabi/lib/thumb/v7e-m/fpv4-sp/hard\libm.a(lib_a-e_pow.o)
                                  0x1 (size before relaxing)
 .rodata.npio2_hw
                0x08009e7c       0x80 c:/ac6/systemworkbench/plugins/fr.ac6.mcu.externaltools.arm-none.win32_1.16.0.201807130628/tools/compiler/bin/../lib/gcc/arm-none-eabi/7.2.1/../../../../arm-none-eabi/lib/thumb/v7e-m/fpv4-sp/hard\libm.a(lib_a-e_rem_pio2.o)
 .rodata.two_over_pi
                0x08009efc      0x108 c:/ac6/systemworkbench/plugins/fr.ac6.mcu.externaltools.arm-none.win32_1.16.0.201807130628/tools/compiler/bin/../lib/gcc/arm-none-eabi/7.2.1/../../../../arm-none-eabi/lib/thumb/v7e-m/fpv4-sp/hard\libm.a(lib_a-e_rem_pio2.o)
 *fill*         0x0800a004        0x4 
 .rodata.PIo2   0x0800a008       0x40 c:/ac6/systemworkbench/plugins/fr.ac6.mcu.externaltools.arm-none.win32_1.16.0.201807130628/tools/compiler/bin/../lib/gcc/arm-none-eabi/7.2.1/../../../../arm-none-eabi/lib/thumb/v7e-m/fpv4-sp/hard\libm.a(lib_a-k_rem_pio2.o)
 .rodata.init_jk
                0x0800a048       0x10 c:/ac6/systemworkbench/plugins/fr.ac6.mcu.externaltools.arm-none.win32_1.16.0.201807130628/tools/compiler/bin/../lib/gcc/arm-none-eabi/7.2.1/../../../../arm-none-eabi/lib/thumb/v7e-m/fpv4-sp/hard\libm.a(lib_a-k_rem_pio2.o)
 .rodata.TWO52  0x0800a058       0x10 c:/ac6/systemworkbench/plugins/fr.ac6.mcu.externaltools.arm-none.win32_1.16.0.201807130628/tools/compiler/bin/../lib/gcc/arm-none-eabi/7.2.1/../../../../arm-none-eabi/lib/thumb/v7e-m/fpv4-sp/hard\libm.a(lib_a-s_rint.o)
 .rodata._printf_float.str1.1
                0x0800a068       0x12 c:/ac6/systemworkbench/plugins/fr.ac6.mcu.externaltools.arm-none.win32_1.16.0.201807130628/tools/compiler/bin/../lib/gcc/arm-none-eabi/7.2.1/../../../../arm-none-eabi/lib/thumb/v7e-m/fpv4-sp/hard\libc_nano.a(lib_a-nano-vfprintf_float.o)
 .rodata._printf_i.str1.1
                0x0800a07a       0x22 c:/ac6/systemworkbench/plugins/fr.ac6.mcu.externaltools.arm-none.win32_1.16.0.201807130628/tools/compiler/bin/../lib/gcc/arm-none-eabi/7.2.1/../../../../arm-none-eabi/lib/thumb/v7e-m/fpv4-sp/hard\libc_nano.a(lib_a-nano-vfprintf_i.o)
 .rodata._dtoa_r.str1.1
                0x0800a09c        0xd c:/ac6/systemworkbench/plugins/fr.ac6.mcu.externaltools.arm-none.win32_1.16.0.201807130628/tools/compiler/bin/../lib/gcc/arm-none-eabi/7.2.1/../../../../arm-none-eabi/lib/thumb/v7e-m/fpv4-sp/hard\libc_nano.a(lib_a-dtoa.o)
                                  0xf (size before relaxing)
 *fill*         0x0800a0a9        0x7 
 .rodata.__mprec_bigtens
                0x0800a0b0       0x28 c:/ac6/systemworkbench/plugins/fr.ac6.mcu.externaltools.arm-none.win32_1.16.0.201807130628/tools/compiler/bin/../lib/gcc/arm-none-eabi/7.2.1/../../../../arm-none-eabi/lib/thumb/v7e-m/fpv4-sp/hard\libc_nano.a(lib_a-mprec.o)
                0x0800a0b0                __mprec_bigtens
 .rodata.__mprec_tens
                0x0800a0d8       0xc8 c:/ac6/systemworkbench/plugins/fr.ac6.mcu.externaltools.arm-none.win32_1.16.0.201807130628/tools/compiler/bin/../lib/gcc/arm-none-eabi/7.2.1/../../../../arm-none-eabi/lib/thumb/v7e-m/fpv4-sp/hard\libc_nano.a(lib_a-mprec.o)
                0x0800a0d8                __mprec_tens
 .rodata.p05.7359
                0x0800a1a0        0xc c:/ac6/systemworkbench/plugins/fr.ac6.mcu.externaltools.arm-none.win32_1.16.0.201807130628/tools/compiler/bin/../lib/gcc/arm-none-eabi/7.2.1/../../../../arm-none-eabi/lib/thumb/v7e-m/fpv4-sp/hard\libc_nano.a(lib_a-mprec.o)
 .rodata._svfprintf_r.str1.1
                0x0800a1ac       0x11 c:/ac6/systemworkbench/plugins/fr.ac6.mcu.externaltools.arm-none.win32_1.16.0.201807130628/tools/compiler/bin/../lib/gcc/arm-none-eabi/7.2.1/../../../../arm-none-eabi/lib/thumb/v7e-m/fpv4-sp/hard\libc_nano.a(lib_a-nano-svfprintf.o)
 .rodata._setlocale_r.str1.1
                0x0800a1bd        0x8 c:/ac6/systemworkbench/plugins/fr.ac6.mcu.externaltools.arm-none.win32_1.16.0.201807130628/tools/compiler/bin/../lib/gcc/arm-none-eabi/7.2.1/../../../../arm-none-eabi/lib/thumb/v7e-m/fpv4-sp/hard\libc_nano.a(lib_a-locale.o)
                                  0x9 (size before relaxing)
 .rodata.str1.1
                0x0800a1c5        0x2 c:/ac6/systemworkbench/plugins/fr.ac6.mcu.externaltools.arm-none.win32_1.16.0.201807130628/tools/compiler/bin/../lib/gcc/arm-none-eabi/7.2.1/../../../../arm-none-eabi/lib/thumb/v7e-m/fpv4-sp/hard\libc_nano.a(lib_a-locale.o)
 .rodata._ctype_
                0x0800a1c7      0x101 c:/ac6/systemworkbench/plugins/fr.ac6.mcu.externaltools.arm-none.win32_1.16.0.201807130628/tools/compiler/bin/../lib/gcc/arm-none-eabi/7.2.1/../../../../arm-none-eabi/lib/thumb/v7e-m/fpv4-sp/hard\libc_nano.a(lib_a-ctype_.o)
                0x0800a1c7                _ctype_
                0x0800a2c8                . = ALIGN (0x4)

.ARM.extab
 *(.ARM.extab* .gnu.linkonce.armextab.*)

.ARM            0x0800a2c8        0x8
                0x0800a2c8                __exidx_start = .
 *(.ARM.exidx*)
 .ARM.exidx     0x0800a2c8        0x8 c:/ac6/systemworkbench/plugins/fr.ac6.mcu.externaltools.arm-none.win32_1.16.0.201807130628/tools/compiler/bin/../lib/gcc/arm-none-eabi/7.2.1/thumb/v7e-m/fpv4-sp/hard\libgcc.a(_udivmoddi4.o)
                0x0800a2d0                __exidx_end = .

.rel.dyn        0x0800a2d0        0x0
 .rel.iplt      0x0800a2d0        0x0 c:/ac6/systemworkbench/plugins/fr.ac6.mcu.externaltools.arm-none.win32_1.16.0.201807130628/tools/compiler/bin/../lib/gcc/arm-none-eabi/7.2.1/thumb/v7e-m/fpv4-sp/hard/crtbegin.o

.preinit_array  0x0800a2d0        0x0
                0x0800a2d0                PROVIDE (__preinit_array_start, .)
 *(.preinit_array*)
                0x0800a2d0                PROVIDE (__preinit_array_end, .)

.init_array     0x0800a2d0        0x4
                0x0800a2d0                PROVIDE (__init_array_start, .)
 *(SORT_BY_NAME(.init_array.*))
 *(.init_array*)
 .init_array    0x0800a2d0        0x4 c:/ac6/systemworkbench/plugins/fr.ac6.mcu.externaltools.arm-none.win32_1.16.0.201807130628/tools/compiler/bin/../lib/gcc/arm-none-eabi/7.2.1/thumb/v7e-m/fpv4-sp/hard/crtbegin.o
                0x0800a2d4                PROVIDE (__init_array_end, .)

.fini_array     0x0800a2d4        0x4
                [!provide]                PROVIDE (__fini_array_start, .)
 *(SORT_BY_NAME(.fini_array.*))
 *(.fini_array*)
 .fini_array    0x0800a2d4        0x4 c:/ac6/systemworkbench/plugins/fr.ac6.mcu.externaltools.arm-none.win32_1.16.0.201807130628/tools/compiler/bin/../lib/gcc/arm-none-eabi/7.2.1/thumb/v7e-m/fpv4-sp/hard/crtbegin.o
                [!provide]                PROVIDE (__fini_array_end, .)
                0x0800a2d8                _sidata = LOADADDR (.data)

.data           0x20000000      0x30c load address 0x0800a2d8
                0x20000000                . = ALIGN (0x4)
                0x20000000                _sdata = .
 *(.data)
 .data          0x20000000        0x5 HAL_Driver/Src/stm32f4xx_hal.o
                0x20000000                uwTickPrio
                0x20000004                uwTickFreq
 *fill*         0x20000005        0x3 
 .data          0x20000008      0x12a src/main.o
                0x20000008                Dev_init
                0x2000000c                Devs
                0x20000020                OffsetCal
                0x2000010c                zone_center
                0x20000130                TimingBudget
 *fill*         0x20000132        0x2 
 .data          0x20000134        0x4 src/system_stm32f4xx.o
                0x20000134                SystemCoreClock
 *(.data*)
 .data.__fdlib_version
                0x20000138        0x1 c:/ac6/systemworkbench/plugins/fr.ac6.mcu.externaltools.arm-none.win32_1.16.0.201807130628/tools/compiler/bin/../lib/gcc/arm-none-eabi/7.2.1/../../../../arm-none-eabi/lib/thumb/v7e-m/fpv4-sp/hard\libm.a(lib_a-s_lib_ver.o)
                0x20000138                __fdlib_version
 *fill*         0x20000139        0x3 
 .data._impure_ptr
                0x2000013c        0x4 c:/ac6/systemworkbench/plugins/fr.ac6.mcu.externaltools.arm-none.win32_1.16.0.201807130628/tools/compiler/bin/../lib/gcc/arm-none-eabi/7.2.1/../../../../arm-none-eabi/lib/thumb/v7e-m/fpv4-sp/hard\libc_nano.a(lib_a-impure.o)
                0x2000013c                _impure_ptr
 .data.impure_data
                0x20000140       0x60 c:/ac6/systemworkbench/plugins/fr.ac6.mcu.externaltools.arm-none.win32_1.16.0.201807130628/tools/compiler/bin/../lib/gcc/arm-none-eabi/7.2.1/../../../../arm-none-eabi/lib/thumb/v7e-m/fpv4-sp/hard\libc_nano.a(lib_a-impure.o)
 .data.__global_locale
                0x200001a0      0x16c c:/ac6/systemworkbench/plugins/fr.ac6.mcu.externaltools.arm-none.win32_1.16.0.201807130628/tools/compiler/bin/../lib/gcc/arm-none-eabi/7.2.1/../../../../arm-none-eabi/lib/thumb/v7e-m/fpv4-sp/hard\libc_nano.a(lib_a-locale.o)
                0x200001a0                __global_locale
                0x2000030c                . = ALIGN (0x4)
                0x2000030c                _edata = .

.igot.plt       0x2000030c        0x0 load address 0x0800a5e4
 .igot.plt      0x2000030c        0x0 c:/ac6/systemworkbench/plugins/fr.ac6.mcu.externaltools.arm-none.win32_1.16.0.201807130628/tools/compiler/bin/../lib/gcc/arm-none-eabi/7.2.1/thumb/v7e-m/fpv4-sp/hard/crtbegin.o
                0x2000030c                . = ALIGN (0x4)

.bss            0x20000310     0x1778 load address 0x0800a5e4
                0x20000310                _sbss = .
                0x20000310                __bss_start__ = _sbss
 *(.bss)
 .bss           0x20000310       0x1c c:/ac6/systemworkbench/plugins/fr.ac6.mcu.externaltools.arm-none.win32_1.16.0.201807130628/tools/compiler/bin/../lib/gcc/arm-none-eabi/7.2.1/thumb/v7e-m/fpv4-sp/hard/crtbegin.o
 .bss           0x2000032c        0x8 src/syscalls.o
                0x2000032c                __env
 *(.bss*)
 .bss.__malloc_free_list
                0x20000334        0x4 c:/ac6/systemworkbench/plugins/fr.ac6.mcu.externaltools.arm-none.win32_1.16.0.201807130628/tools/compiler/bin/../lib/gcc/arm-none-eabi/7.2.1/../../../../arm-none-eabi/lib/thumb/v7e-m/fpv4-sp/hard\libc_nano.a(lib_a-nano-mallocr.o)
                0x20000334                __malloc_free_list
 .bss.__malloc_sbrk_start
                0x20000338        0x4 c:/ac6/systemworkbench/plugins/fr.ac6.mcu.externaltools.arm-none.win32_1.16.0.201807130628/tools/compiler/bin/../lib/gcc/arm-none-eabi/7.2.1/../../../../arm-none-eabi/lib/thumb/v7e-m/fpv4-sp/hard\libc_nano.a(lib_a-nano-mallocr.o)
                0x20000338                __malloc_sbrk_start
 *(COMMON)
 COMMON         0x2000033c        0x4 HAL_Driver/Src/stm32f4xx_hal.o
                0x2000033c                uwTick
 COMMON         0x20000340      0x1f4 UltraLiteDriver/platform.o
                0x20000340                I2C_HANDLE
                0x20000394                _I2CBuffer
                0x20000494                DMA_HANDLE
                0x200004f4                SERIAL_UART
 *fill*         0x20000534        0x4 
 COMMON         0x20000538     0x1496 src/main.o
                0x20000538                AmbientRate
                0x20000540                SystemAngle
                0x20000548                BigBuff
                0x200014e8                Distance
                0x200014ec                LidarAngle
                0x200016c0                VL53L1X_BUFFER
                0x200016fc                dataRead
                0x20001700                TimeStamp
                0x200018d4                OldAngle
                0x200018d8                SpadNb
                0x200018dc                LidarDistance
                0x200019c6                AmbientPerSpad
                0x200019c8                SignalRate
                0x200019ca                RangeStatus
                0x200019cc                SignalPerSpad
 *fill*         0x200019ce        0x2 
 COMMON         0x200019d0       0xb0 src/platform_specific.o
                0x200019d0                Uart_RxIndex
                0x200019d4                UART_Ready
                0x200019d8                UartComm_RXBuffer
                0x20001a28                UartComm_RXIndex
                0x20001a2c                UART_Active
                0x20001a30                Uart_RXBuffer
 COMMON         0x20001a80        0x2 src/stm32f4xx_it.o
                0x20001a80                InputData
                0x20001a81                SR_Reg
 *fill*         0x20001a82        0x2 
 COMMON         0x20001a84        0x4 c:/ac6/systemworkbench/plugins/fr.ac6.mcu.externaltools.arm-none.win32_1.16.0.201807130628/tools/compiler/bin/../lib/gcc/arm-none-eabi/7.2.1/../../../../arm-none-eabi/lib/thumb/v7e-m/fpv4-sp/hard\libc_nano.a(lib_a-reent.o)
                0x20001a84                errno
                0x20001a88                . = ALIGN (0x4)
                0x20001a88                _ebss = .
                0x20001a88                __bss_end__ = _ebss

._user_heap_stack
                0x20001a88      0x600 load address 0x0800a5e4
                0x20001a88                . = ALIGN (0x8)
                0x20001a88                PROVIDE (end, .)
                [!provide]                PROVIDE (_end, .)
                0x20001c88                . = (. + _Min_Heap_Size)
 *fill*         0x20001a88      0x200 
                0x20002088                . = (. + _Min_Stack_Size)
 *fill*         0x20001c88      0x400 
                0x20002088                . = ALIGN (0x8)

/DISCARD/
 libc.a(*)
 libm.a(*)
 libgcc.a(*)

.ARM.attributes
                0x00000000       0x30
 *(.ARM.attributes)
 .ARM.attributes
                0x00000000       0x22 c:/ac6/systemworkbench/plugins/fr.ac6.mcu.externaltools.arm-none.win32_1.16.0.201807130628/tools/compiler/bin/../lib/gcc/arm-none-eabi/7.2.1/thumb/v7e-m/fpv4-sp/hard/crti.o
 .ARM.attributes
                0x00000022       0x34 c:/ac6/systemworkbench/plugins/fr.ac6.mcu.externaltools.arm-none.win32_1.16.0.201807130628/tools/compiler/bin/../lib/gcc/arm-none-eabi/7.2.1/thumb/v7e-m/fpv4-sp/hard/crtbegin.o
 .ARM.attributes
                0x00000056       0x39 HAL_Driver/Src/stm32f4xx_hal.o
 .ARM.attributes
                0x0000008f       0x39 HAL_Driver/Src/stm32f4xx_hal_cortex.o
 .ARM.attributes
                0x000000c8       0x39 HAL_Driver/Src/stm32f4xx_hal_dma.o
 .ARM.attributes
                0x00000101       0x39 HAL_Driver/Src/stm32f4xx_hal_gpio.o
 .ARM.attributes
                0x0000013a       0x39 HAL_Driver/Src/stm32f4xx_hal_i2c.o
 .ARM.attributes
                0x00000173       0x39 HAL_Driver/Src/stm32f4xx_hal_rcc.o
 .ARM.attributes
                0x000001ac       0x39 HAL_Driver/Src/stm32f4xx_hal_uart.o
 .ARM.attributes
                0x000001e5       0x39 UltraLiteDriver/VL53L1X_api.o
 .ARM.attributes
                0x0000021e       0x39 UltraLiteDriver/platform.o
 .ARM.attributes
                0x00000257       0x39 src/main.o
 .ARM.attributes
                0x00000290       0x39 src/platform_specific.o
 .ARM.attributes
                0x000002c9       0x39 src/stm32f4xx_it.o
 .ARM.attributes
                0x00000302       0x39 src/syscalls.o
 .ARM.attributes
                0x0000033b       0x39 src/system_stm32f4xx.o
 .ARM.attributes
                0x00000374       0x21 startup/startup_stm32f401xe.o
 .ARM.attributes
                0x00000395       0x34 c:/ac6/systemworkbench/plugins/fr.ac6.mcu.externaltools.arm-none.win32_1.16.0.201807130628/tools/compiler/bin/../lib/gcc/arm-none-eabi/7.2.1/../../../../arm-none-eabi/lib/thumb/v7e-m/fpv4-sp/hard\libm.a(lib_a-s_cos.o)
 .ARM.attributes
                0x000003c9       0x34 c:/ac6/systemworkbench/plugins/fr.ac6.mcu.externaltools.arm-none.win32_1.16.0.201807130628/tools/compiler/bin/../lib/gcc/arm-none-eabi/7.2.1/../../../../arm-none-eabi/lib/thumb/v7e-m/fpv4-sp/hard\libm.a(lib_a-w_pow.o)
 .ARM.attributes
                0x000003fd       0x34 c:/ac6/systemworkbench/plugins/fr.ac6.mcu.externaltools.arm-none.win32_1.16.0.201807130628/tools/compiler/bin/../lib/gcc/arm-none-eabi/7.2.1/../../../../arm-none-eabi/lib/thumb/v7e-m/fpv4-sp/hard\libm.a(lib_a-e_pow.o)
 .ARM.attributes
                0x00000431       0x34 c:/ac6/systemworkbench/plugins/fr.ac6.mcu.externaltools.arm-none.win32_1.16.0.201807130628/tools/compiler/bin/../lib/gcc/arm-none-eabi/7.2.1/../../../../arm-none-eabi/lib/thumb/v7e-m/fpv4-sp/hard\libm.a(lib_a-e_rem_pio2.o)
 .ARM.attributes
                0x00000465       0x34 c:/ac6/systemworkbench/plugins/fr.ac6.mcu.externaltools.arm-none.win32_1.16.0.201807130628/tools/compiler/bin/../lib/gcc/arm-none-eabi/7.2.1/../../../../arm-none-eabi/lib/thumb/v7e-m/fpv4-sp/hard\libm.a(lib_a-e_sqrt.o)
 .ARM.attributes
                0x00000499       0x34 c:/ac6/systemworkbench/plugins/fr.ac6.mcu.externaltools.arm-none.win32_1.16.0.201807130628/tools/compiler/bin/../lib/gcc/arm-none-eabi/7.2.1/../../../../arm-none-eabi/lib/thumb/v7e-m/fpv4-sp/hard\libm.a(lib_a-k_cos.o)
 .ARM.attributes
                0x000004cd       0x34 c:/ac6/systemworkbench/plugins/fr.ac6.mcu.externaltools.arm-none.win32_1.16.0.201807130628/tools/compiler/bin/../lib/gcc/arm-none-eabi/7.2.1/../../../../arm-none-eabi/lib/thumb/v7e-m/fpv4-sp/hard\libm.a(lib_a-k_rem_pio2.o)
 .ARM.attributes
                0x00000501       0x34 c:/ac6/systemworkbench/plugins/fr.ac6.mcu.externaltools.arm-none.win32_1.16.0.201807130628/tools/compiler/bin/../lib/gcc/arm-none-eabi/7.2.1/../../../../arm-none-eabi/lib/thumb/v7e-m/fpv4-sp/hard\libm.a(lib_a-k_sin.o)
 .ARM.attributes
                0x00000535       0x34 c:/ac6/systemworkbench/plugins/fr.ac6.mcu.externaltools.arm-none.win32_1.16.0.201807130628/tools/compiler/bin/../lib/gcc/arm-none-eabi/7.2.1/../../../../arm-none-eabi/lib/thumb/v7e-m/fpv4-sp/hard\libm.a(lib_a-s_fabs.o)
 .ARM.attributes
                0x00000569       0x34 c:/ac6/systemworkbench/plugins/fr.ac6.mcu.externaltools.arm-none.win32_1.16.0.201807130628/tools/compiler/bin/../lib/gcc/arm-none-eabi/7.2.1/../../../../arm-none-eabi/lib/thumb/v7e-m/fpv4-sp/hard\libm.a(lib_a-s_finite.o)
 .ARM.attributes
                0x0000059d       0x34 c:/ac6/systemworkbench/plugins/fr.ac6.mcu.externaltools.arm-none.win32_1.16.0.201807130628/tools/compiler/bin/../lib/gcc/arm-none-eabi/7.2.1/../../../../arm-none-eabi/lib/thumb/v7e-m/fpv4-sp/hard\libm.a(lib_a-s_floor.o)
 .ARM.attributes
                0x000005d1       0x34 c:/ac6/systemworkbench/plugins/fr.ac6.mcu.externaltools.arm-none.win32_1.16.0.201807130628/tools/compiler/bin/../lib/gcc/arm-none-eabi/7.2.1/../../../../arm-none-eabi/lib/thumb/v7e-m/fpv4-sp/hard\libm.a(lib_a-s_lib_ver.o)
 .ARM.attributes
                0x00000605       0x34 c:/ac6/systemworkbench/plugins/fr.ac6.mcu.externaltools.arm-none.win32_1.16.0.201807130628/tools/compiler/bin/../lib/gcc/arm-none-eabi/7.2.1/../../../../arm-none-eabi/lib/thumb/v7e-m/fpv4-sp/hard\libm.a(lib_a-s_matherr.o)
 .ARM.attributes
                0x00000639       0x34 c:/ac6/systemworkbench/plugins/fr.ac6.mcu.externaltools.arm-none.win32_1.16.0.201807130628/tools/compiler/bin/../lib/gcc/arm-none-eabi/7.2.1/../../../../arm-none-eabi/lib/thumb/v7e-m/fpv4-sp/hard\libm.a(lib_a-s_nan.o)
 .ARM.attributes
                0x0000066d       0x34 c:/ac6/systemworkbench/plugins/fr.ac6.mcu.externaltools.arm-none.win32_1.16.0.201807130628/tools/compiler/bin/../lib/gcc/arm-none-eabi/7.2.1/../../../../arm-none-eabi/lib/thumb/v7e-m/fpv4-sp/hard\libm.a(lib_a-s_rint.o)
 .ARM.attributes
                0x000006a1       0x34 c:/ac6/systemworkbench/plugins/fr.ac6.mcu.externaltools.arm-none.win32_1.16.0.201807130628/tools/compiler/bin/../lib/gcc/arm-none-eabi/7.2.1/../../../../arm-none-eabi/lib/thumb/v7e-m/fpv4-sp/hard\libm.a(lib_a-s_scalbn.o)
 .ARM.attributes
                0x000006d5       0x34 c:/ac6/systemworkbench/plugins/fr.ac6.mcu.externaltools.arm-none.win32_1.16.0.201807130628/tools/compiler/bin/../lib/gcc/arm-none-eabi/7.2.1/../../../../arm-none-eabi/lib/thumb/v7e-m/fpv4-sp/hard\libm.a(lib_a-s_copysign.o)
 .ARM.attributes
                0x00000709       0x22 c:/ac6/systemworkbench/plugins/fr.ac6.mcu.externaltools.arm-none.win32_1.16.0.201807130628/tools/compiler/bin/../lib/gcc/arm-none-eabi/7.2.1/thumb/v7e-m/fpv4-sp/hard\libgcc.a(_arm_addsubdf3.o)
 .ARM.attributes
                0x0000072b       0x22 c:/ac6/systemworkbench/plugins/fr.ac6.mcu.externaltools.arm-none.win32_1.16.0.201807130628/tools/compiler/bin/../lib/gcc/arm-none-eabi/7.2.1/thumb/v7e-m/fpv4-sp/hard\libgcc.a(_arm_muldivdf3.o)
 .ARM.attributes
                0x0000074d       0x22 c:/ac6/systemworkbench/plugins/fr.ac6.mcu.externaltools.arm-none.win32_1.16.0.201807130628/tools/compiler/bin/../lib/gcc/arm-none-eabi/7.2.1/thumb/v7e-m/fpv4-sp/hard\libgcc.a(_arm_cmpdf2.o)
 .ARM.attributes
                0x0000076f       0x22 c:/ac6/systemworkbench/plugins/fr.ac6.mcu.externaltools.arm-none.win32_1.16.0.201807130628/tools/compiler/bin/../lib/gcc/arm-none-eabi/7.2.1/thumb/v7e-m/fpv4-sp/hard\libgcc.a(_arm_unorddf2.o)
 .ARM.attributes
                0x00000791       0x22 c:/ac6/systemworkbench/plugins/fr.ac6.mcu.externaltools.arm-none.win32_1.16.0.201807130628/tools/compiler/bin/../lib/gcc/arm-none-eabi/7.2.1/thumb/v7e-m/fpv4-sp/hard\libgcc.a(_arm_fixdfsi.o)
 .ARM.attributes
                0x000007b3       0x22 c:/ac6/systemworkbench/plugins/fr.ac6.mcu.externaltools.arm-none.win32_1.16.0.201807130628/tools/compiler/bin/../lib/gcc/arm-none-eabi/7.2.1/thumb/v7e-m/fpv4-sp/hard\libgcc.a(_arm_fixunsdfsi.o)
 .ARM.attributes
                0x000007d5       0x22 c:/ac6/systemworkbench/plugins/fr.ac6.mcu.externaltools.arm-none.win32_1.16.0.201807130628/tools/compiler/bin/../lib/gcc/arm-none-eabi/7.2.1/thumb/v7e-m/fpv4-sp/hard\libgcc.a(_arm_truncdfsf2.o)
 .ARM.attributes
                0x000007f7       0x22 c:/ac6/systemworkbench/plugins/fr.ac6.mcu.externaltools.arm-none.win32_1.16.0.201807130628/tools/compiler/bin/../lib/gcc/arm-none-eabi/7.2.1/thumb/v7e-m/fpv4-sp/hard\libgcc.a(_aeabi_uldivmod.o)
 .ARM.attributes
                0x00000819       0x34 c:/ac6/systemworkbench/plugins/fr.ac6.mcu.externaltools.arm-none.win32_1.16.0.201807130628/tools/compiler/bin/../lib/gcc/arm-none-eabi/7.2.1/thumb/v7e-m/fpv4-sp/hard\libgcc.a(_udivmoddi4.o)
 .ARM.attributes
                0x0000084d       0x22 c:/ac6/systemworkbench/plugins/fr.ac6.mcu.externaltools.arm-none.win32_1.16.0.201807130628/tools/compiler/bin/../lib/gcc/arm-none-eabi/7.2.1/thumb/v7e-m/fpv4-sp/hard\libgcc.a(_dvmd_tls.o)
 .ARM.attributes
                0x0000086f       0x34 c:/ac6/systemworkbench/plugins/fr.ac6.mcu.externaltools.arm-none.win32_1.16.0.201807130628/tools/compiler/bin/../lib/gcc/arm-none-eabi/7.2.1/../../../../arm-none-eabi/lib/thumb/v7e-m/fpv4-sp/hard\libc_nano.a(lib_a-errno.o)
 .ARM.attributes
                0x000008a3       0x34 c:/ac6/systemworkbench/plugins/fr.ac6.mcu.externaltools.arm-none.win32_1.16.0.201807130628/tools/compiler/bin/../lib/gcc/arm-none-eabi/7.2.1/../../../../arm-none-eabi/lib/thumb/v7e-m/fpv4-sp/hard\libc_nano.a(lib_a-impure.o)
 .ARM.attributes
                0x000008d7       0x34 c:/ac6/systemworkbench/plugins/fr.ac6.mcu.externaltools.arm-none.win32_1.16.0.201807130628/tools/compiler/bin/../lib/gcc/arm-none-eabi/7.2.1/../../../../arm-none-eabi/lib/thumb/v7e-m/fpv4-sp/hard\libc_nano.a(lib_a-init.o)
 .ARM.attributes
                0x0000090b       0x34 c:/ac6/systemworkbench/plugins/fr.ac6.mcu.externaltools.arm-none.win32_1.16.0.201807130628/tools/compiler/bin/../lib/gcc/arm-none-eabi/7.2.1/../../../../arm-none-eabi/lib/thumb/v7e-m/fpv4-sp/hard\libc_nano.a(lib_a-memcpy-stub.o)
 .ARM.attributes
                0x0000093f       0x34 c:/ac6/systemworkbench/plugins/fr.ac6.mcu.externaltools.arm-none.win32_1.16.0.201807130628/tools/compiler/bin/../lib/gcc/arm-none-eabi/7.2.1/../../../../arm-none-eabi/lib/thumb/v7e-m/fpv4-sp/hard\libc_nano.a(lib_a-memset.o)
 .ARM.attributes
                0x00000973       0x34 c:/ac6/systemworkbench/plugins/fr.ac6.mcu.externaltools.arm-none.win32_1.16.0.201807130628/tools/compiler/bin/../lib/gcc/arm-none-eabi/7.2.1/../../../../arm-none-eabi/lib/thumb/v7e-m/fpv4-sp/hard\libc_nano.a(lib_a-nano-vfprintf_float.o)
 .ARM.attributes
                0x000009a7       0x34 c:/ac6/systemworkbench/plugins/fr.ac6.mcu.externaltools.arm-none.win32_1.16.0.201807130628/tools/compiler/bin/../lib/gcc/arm-none-eabi/7.2.1/../../../../arm-none-eabi/lib/thumb/v7e-m/fpv4-sp/hard\libc_nano.a(lib_a-nano-vfprintf_i.o)
 .ARM.attributes
                0x000009db       0x34 c:/ac6/systemworkbench/plugins/fr.ac6.mcu.externaltools.arm-none.win32_1.16.0.201807130628/tools/compiler/bin/../lib/gcc/arm-none-eabi/7.2.1/../../../../arm-none-eabi/lib/thumb/v7e-m/fpv4-sp/hard\libc_nano.a(lib_a-snprintf.o)
 .ARM.attributes
                0x00000a0f       0x34 c:/ac6/systemworkbench/plugins/fr.ac6.mcu.externaltools.arm-none.win32_1.16.0.201807130628/tools/compiler/bin/../lib/gcc/arm-none-eabi/7.2.1/../../../../arm-none-eabi/lib/thumb/v7e-m/fpv4-sp/hard\libc_nano.a(lib_a-strcat.o)
 .ARM.attributes
                0x00000a43       0x1b c:/ac6/systemworkbench/plugins/fr.ac6.mcu.externaltools.arm-none.win32_1.16.0.201807130628/tools/compiler/bin/../lib/gcc/arm-none-eabi/7.2.1/../../../../arm-none-eabi/lib/thumb/v7e-m/fpv4-sp/hard\libc_nano.a(lib_a-strlen.o)
 .ARM.attributes
                0x00000a5e       0x34 c:/ac6/systemworkbench/plugins/fr.ac6.mcu.externaltools.arm-none.win32_1.16.0.201807130628/tools/compiler/bin/../lib/gcc/arm-none-eabi/7.2.1/../../../../arm-none-eabi/lib/thumb/v7e-m/fpv4-sp/hard\libc_nano.a(lib_a-dtoa.o)
 .ARM.attributes
                0x00000a92       0x34 c:/ac6/systemworkbench/plugins/fr.ac6.mcu.externaltools.arm-none.win32_1.16.0.201807130628/tools/compiler/bin/../lib/gcc/arm-none-eabi/7.2.1/../../../../arm-none-eabi/lib/thumb/v7e-m/fpv4-sp/hard\libc_nano.a(lib_a-localeconv.o)
 .ARM.attributes
                0x00000ac6       0x34 c:/ac6/systemworkbench/plugins/fr.ac6.mcu.externaltools.arm-none.win32_1.16.0.201807130628/tools/compiler/bin/../lib/gcc/arm-none-eabi/7.2.1/../../../../arm-none-eabi/lib/thumb/v7e-m/fpv4-sp/hard\libc_nano.a(lib_a-malloc.o)
 .ARM.attributes
                0x00000afa       0x20 c:/ac6/systemworkbench/plugins/fr.ac6.mcu.externaltools.arm-none.win32_1.16.0.201807130628/tools/compiler/bin/../lib/gcc/arm-none-eabi/7.2.1/../../../../arm-none-eabi/lib/thumb/v7e-m/fpv4-sp/hard\libc_nano.a(lib_a-memchr.o)
 .ARM.attributes
                0x00000b1a       0x34 c:/ac6/systemworkbench/plugins/fr.ac6.mcu.externaltools.arm-none.win32_1.16.0.201807130628/tools/compiler/bin/../lib/gcc/arm-none-eabi/7.2.1/../../../../arm-none-eabi/lib/thumb/v7e-m/fpv4-sp/hard\libc_nano.a(lib_a-mprec.o)
 .ARM.attributes
                0x00000b4e       0x34 c:/ac6/systemworkbench/plugins/fr.ac6.mcu.externaltools.arm-none.win32_1.16.0.201807130628/tools/compiler/bin/../lib/gcc/arm-none-eabi/7.2.1/../../../../arm-none-eabi/lib/thumb/v7e-m/fpv4-sp/hard\libc_nano.a(lib_a-nano-callocr.o)
 .ARM.attributes
                0x00000b82       0x34 c:/ac6/systemworkbench/plugins/fr.ac6.mcu.externaltools.arm-none.win32_1.16.0.201807130628/tools/compiler/bin/../lib/gcc/arm-none-eabi/7.2.1/../../../../arm-none-eabi/lib/thumb/v7e-m/fpv4-sp/hard\libc_nano.a(lib_a-nano-freer.o)
 .ARM.attributes
                0x00000bb6       0x34 c:/ac6/systemworkbench/plugins/fr.ac6.mcu.externaltools.arm-none.win32_1.16.0.201807130628/tools/compiler/bin/../lib/gcc/arm-none-eabi/7.2.1/../../../../arm-none-eabi/lib/thumb/v7e-m/fpv4-sp/hard\libc_nano.a(lib_a-nano-mallocr.o)
 .ARM.attributes
                0x00000bea       0x34 c:/ac6/systemworkbench/plugins/fr.ac6.mcu.externaltools.arm-none.win32_1.16.0.201807130628/tools/compiler/bin/../lib/gcc/arm-none-eabi/7.2.1/../../../../arm-none-eabi/lib/thumb/v7e-m/fpv4-sp/hard\libc_nano.a(lib_a-nano-svfprintf.o)
 .ARM.attributes
                0x00000c1e       0x34 c:/ac6/systemworkbench/plugins/fr.ac6.mcu.externaltools.arm-none.win32_1.16.0.201807130628/tools/compiler/bin/../lib/gcc/arm-none-eabi/7.2.1/../../../../arm-none-eabi/lib/thumb/v7e-m/fpv4-sp/hard\libc_nano.a(lib_a-sbrkr.o)
 .ARM.attributes
                0x00000c52       0x34 c:/ac6/systemworkbench/plugins/fr.ac6.mcu.externaltools.arm-none.win32_1.16.0.201807130628/tools/compiler/bin/../lib/gcc/arm-none-eabi/7.2.1/../../../../arm-none-eabi/lib/thumb/v7e-m/fpv4-sp/hard\libc_nano.a(lib_a-locale.o)
 .ARM.attributes
                0x00000c86       0x34 c:/ac6/systemworkbench/plugins/fr.ac6.mcu.externaltools.arm-none.win32_1.16.0.201807130628/tools/compiler/bin/../lib/gcc/arm-none-eabi/7.2.1/../../../../arm-none-eabi/lib/thumb/v7e-m/fpv4-sp/hard\libc_nano.a(lib_a-mbtowc_r.o)
 .ARM.attributes
                0x00000cba       0x34 c:/ac6/systemworkbench/plugins/fr.ac6.mcu.externaltools.arm-none.win32_1.16.0.201807130628/tools/compiler/bin/../lib/gcc/arm-none-eabi/7.2.1/../../../../arm-none-eabi/lib/thumb/v7e-m/fpv4-sp/hard\libc_nano.a(lib_a-memmove.o)
 .ARM.attributes
                0x00000cee       0x34 c:/ac6/systemworkbench/plugins/fr.ac6.mcu.externaltools.arm-none.win32_1.16.0.201807130628/tools/compiler/bin/../lib/gcc/arm-none-eabi/7.2.1/../../../../arm-none-eabi/lib/thumb/v7e-m/fpv4-sp/hard\libc_nano.a(lib_a-mlock.o)
 .ARM.attributes
                0x00000d22       0x34 c:/ac6/systemworkbench/plugins/fr.ac6.mcu.externaltools.arm-none.win32_1.16.0.201807130628/tools/compiler/bin/../lib/gcc/arm-none-eabi/7.2.1/../../../../arm-none-eabi/lib/thumb/v7e-m/fpv4-sp/hard\libc_nano.a(lib_a-nano-reallocr.o)
 .ARM.attributes
                0x00000d56       0x34 c:/ac6/systemworkbench/plugins/fr.ac6.mcu.externaltools.arm-none.win32_1.16.0.201807130628/tools/compiler/bin/../lib/gcc/arm-none-eabi/7.2.1/../../../../arm-none-eabi/lib/thumb/v7e-m/fpv4-sp/hard\libc_nano.a(lib_a-reent.o)
 .ARM.attributes
                0x00000d8a       0x34 c:/ac6/systemworkbench/plugins/fr.ac6.mcu.externaltools.arm-none.win32_1.16.0.201807130628/tools/compiler/bin/../lib/gcc/arm-none-eabi/7.2.1/../../../../arm-none-eabi/lib/thumb/v7e-m/fpv4-sp/hard\libc_nano.a(lib_a-wctomb_r.o)
 .ARM.attributes
                0x00000dbe       0x34 c:/ac6/systemworkbench/plugins/fr.ac6.mcu.externaltools.arm-none.win32_1.16.0.201807130628/tools/compiler/bin/../lib/gcc/arm-none-eabi/7.2.1/../../../../arm-none-eabi/lib/thumb/v7e-m/fpv4-sp/hard\libc_nano.a(lib_a-ctype_.o)
 .ARM.attributes
                0x00000df2       0x34 c:/ac6/systemworkbench/plugins/fr.ac6.mcu.externaltools.arm-none.win32_1.16.0.201807130628/tools/compiler/bin/../lib/gcc/arm-none-eabi/7.2.1/../../../../arm-none-eabi/lib/thumb/v7e-m/fpv4-sp/hard\libc_nano.a(lib_a-nano-msizer.o)
 .ARM.attributes
                0x00000e26       0x22 c:/ac6/systemworkbench/plugins/fr.ac6.mcu.externaltools.arm-none.win32_1.16.0.201807130628/tools/compiler/bin/../lib/gcc/arm-none-eabi/7.2.1/thumb/v7e-m/fpv4-sp/hard/crtn.o
OUTPUT(LIDAR_VL53L1X_Ultra_Lite_Driver.elf elf32-littlearm)

.debug_info     0x00000000    0x12d4b
 .debug_info    0x00000000     0x10bd HAL_Driver/Src/stm32f4xx_hal.o
 .debug_info    0x000010bd     0x155b HAL_Driver/Src/stm32f4xx_hal_cortex.o
 .debug_info    0x00002618     0x112e HAL_Driver/Src/stm32f4xx_hal_dma.o
 .debug_info    0x00003746      0xfad HAL_Driver/Src/stm32f4xx_hal_gpio.o
 .debug_info    0x000046f3     0x289c HAL_Driver/Src/stm32f4xx_hal_i2c.o
 .debug_info    0x00006f8f     0x10f0 HAL_Driver/Src/stm32f4xx_hal_rcc.o
 .debug_info    0x0000807f     0x19e7 HAL_Driver/Src/stm32f4xx_hal_uart.o
 .debug_info    0x00009a66     0x1895 UltraLiteDriver/VL53L1X_api.o
 .debug_info    0x0000b2fb     0x1689 UltraLiteDriver/platform.o
 .debug_info    0x0000c984     0x1b90 src/main.o
 .debug_info    0x0000e514     0x1a26 src/platform_specific.o
 .debug_info    0x0000ff3a     0x1173 src/stm32f4xx_it.o
 .debug_info    0x000110ad      0xf2e src/syscalls.o
 .debug_info    0x00011fdb      0xd4e src/system_stm32f4xx.o
 .debug_info    0x00012d29       0x22 startup/startup_stm32f401xe.o

.debug_abbrev   0x00000000     0x261c
 .debug_abbrev  0x00000000      0x2bd HAL_Driver/Src/stm32f4xx_hal.o
 .debug_abbrev  0x000002bd      0x39f HAL_Driver/Src/stm32f4xx_hal_cortex.o
 .debug_abbrev  0x0000065c      0x2b4 HAL_Driver/Src/stm32f4xx_hal_dma.o
 .debug_abbrev  0x00000910      0x289 HAL_Driver/Src/stm32f4xx_hal_gpio.o
 .debug_abbrev  0x00000b99      0x2de HAL_Driver/Src/stm32f4xx_hal_i2c.o
 .debug_abbrev  0x00000e77      0x305 HAL_Driver/Src/stm32f4xx_hal_rcc.o
 .debug_abbrev  0x0000117c      0x2fa HAL_Driver/Src/stm32f4xx_hal_uart.o
 .debug_abbrev  0x00001476      0x276 UltraLiteDriver/VL53L1X_api.o
 .debug_abbrev  0x000016ec      0x2ba UltraLiteDriver/platform.o
 .debug_abbrev  0x000019a6      0x2bf src/main.o
 .debug_abbrev  0x00001c65      0x2d9 src/platform_specific.o
 .debug_abbrev  0x00001f3e      0x21d src/stm32f4xx_it.o
 .debug_abbrev  0x0000215b      0x2aa src/syscalls.o
 .debug_abbrev  0x00002405      0x205 src/system_stm32f4xx.o
 .debug_abbrev  0x0000260a       0x12 startup/startup_stm32f401xe.o

.debug_aranges  0x00000000      0xbc0
 .debug_aranges
                0x00000000       0xe0 HAL_Driver/Src/stm32f4xx_hal.o
 .debug_aranges
                0x000000e0      0x118 HAL_Driver/Src/stm32f4xx_hal_cortex.o
 .debug_aranges
                0x000001f8       0x90 HAL_Driver/Src/stm32f4xx_hal_dma.o
 .debug_aranges
                0x00000288       0x58 HAL_Driver/Src/stm32f4xx_hal_gpio.o
 .debug_aranges
                0x000002e0      0x268 HAL_Driver/Src/stm32f4xx_hal_i2c.o
 .debug_aranges
                0x00000548       0x88 HAL_Driver/Src/stm32f4xx_hal_rcc.o
 .debug_aranges
                0x000005d0      0x1d0 HAL_Driver/Src/stm32f4xx_hal_uart.o
 .debug_aranges
                0x000007a0      0x168 UltraLiteDriver/VL53L1X_api.o
 .debug_aranges
                0x00000908       0xa8 UltraLiteDriver/platform.o
 .debug_aranges
                0x000009b0       0x50 src/main.o
 .debug_aranges
                0x00000a00       0x98 src/platform_specific.o
 .debug_aranges
                0x00000a98       0x28 src/stm32f4xx_it.o
 .debug_aranges
                0x00000ac0       0xb0 src/syscalls.o
 .debug_aranges
                0x00000b70       0x28 src/system_stm32f4xx.o
 .debug_aranges
                0x00000b98       0x28 startup/startup_stm32f401xe.o

.debug_ranges   0x00000000      0xad8
 .debug_ranges  0x00000000       0xd0 HAL_Driver/Src/stm32f4xx_hal.o
 .debug_ranges  0x000000d0      0x108 HAL_Driver/Src/stm32f4xx_hal_cortex.o
 .debug_ranges  0x000001d8       0x80 HAL_Driver/Src/stm32f4xx_hal_dma.o
 .debug_ranges  0x00000258       0x48 HAL_Driver/Src/stm32f4xx_hal_gpio.o
 .debug_ranges  0x000002a0      0x258 HAL_Driver/Src/stm32f4xx_hal_i2c.o
 .debug_ranges  0x000004f8       0x78 HAL_Driver/Src/stm32f4xx_hal_rcc.o
 .debug_ranges  0x00000570      0x1c0 HAL_Driver/Src/stm32f4xx_hal_uart.o
 .debug_ranges  0x00000730      0x158 UltraLiteDriver/VL53L1X_api.o
 .debug_ranges  0x00000888       0x98 UltraLiteDriver/platform.o
 .debug_ranges  0x00000920       0x40 src/main.o
 .debug_ranges  0x00000960       0x88 src/platform_specific.o
 .debug_ranges  0x000009e8       0x18 src/stm32f4xx_it.o
 .debug_ranges  0x00000a00       0xa0 src/syscalls.o
 .debug_ranges  0x00000aa0       0x18 src/system_stm32f4xx.o
 .debug_ranges  0x00000ab8       0x20 startup/startup_stm32f401xe.o

.debug_macro    0x00000000     0x40e4
 .debug_macro   0x00000000      0x39a HAL_Driver/Src/stm32f4xx_hal.o
 .debug_macro   0x0000039a      0x33a HAL_Driver/Src/stm32f4xx_hal_cortex.o
 .debug_macro   0x000006d4      0x341 HAL_Driver/Src/stm32f4xx_hal_dma.o
 .debug_macro   0x00000a15      0x372 HAL_Driver/Src/stm32f4xx_hal_gpio.o
 .debug_macro   0x00000d87      0x37a HAL_Driver/Src/stm32f4xx_hal_i2c.o
 .debug_macro   0x00001101      0x35e HAL_Driver/Src/stm32f4xx_hal_rcc.o
 .debug_macro   0x0000145f      0x33b HAL_Driver/Src/stm32f4xx_hal_uart.o
 .debug_macro   0x0000179a      0x3d2 UltraLiteDriver/VL53L1X_api.o
 .debug_macro   0x00001b6c       0x3b UltraLiteDriver/VL53L1X_api.o
 .debug_macro   0x00001ba7       0x16 UltraLiteDriver/VL53L1X_api.o
 .debug_macro   0x00001bbd       0x35 UltraLiteDriver/VL53L1X_api.o
 .debug_macro   0x00001bf2       0x16 UltraLiteDriver/VL53L1X_api.o
 .debug_macro   0x00001c08       0x16 UltraLiteDriver/VL53L1X_api.o
 .debug_macro   0x00001c1e       0x29 UltraLiteDriver/VL53L1X_api.o
 .debug_macro   0x00001c47      0x126 UltraLiteDriver/VL53L1X_api.o
 .debug_macro   0x00001d6d      0x112 UltraLiteDriver/VL53L1X_api.o
 .debug_macro   0x00001e7f      0x3f5 UltraLiteDriver/platform.o
 .debug_macro   0x00002274       0xa9 UltraLiteDriver/platform.o
 .debug_macro   0x0000231d       0x5e UltraLiteDriver/platform.o
 .debug_macro   0x0000237b      0x43f src/main.o
 .debug_macro   0x000027ba       0x64 src/main.o
 .debug_macro   0x0000281e      0x118 src/main.o
 .debug_macro   0x00002936      0x1e1 src/main.o
 .debug_macro   0x00002b17      0x3ee src/platform_specific.o
 .debug_macro   0x00002f05      0x387 src/stm32f4xx_it.o
 .debug_macro   0x0000328c      0x243 src/syscalls.o
 .debug_macro   0x000034cf       0x52 src/syscalls.o
 .debug_macro   0x00003521       0x8d src/syscalls.o
 .debug_macro   0x000035ae       0x57 src/syscalls.o
 .debug_macro   0x00003605      0x174 src/syscalls.o
 .debug_macro   0x00003779       0x10 src/syscalls.o
 .debug_macro   0x00003789       0x10 src/syscalls.o
 .debug_macro   0x00003799       0x10 src/syscalls.o
 .debug_macro   0x000037a9       0x35 src/syscalls.o
 .debug_macro   0x000037de      0x122 src/syscalls.o
 .debug_macro   0x00003900       0x10 src/syscalls.o
 .debug_macro   0x00003910      0x241 src/syscalls.o
 .debug_macro   0x00003b51       0x1c src/syscalls.o
 .debug_macro   0x00003b6d       0x10 src/syscalls.o
 .debug_macro   0x00003b7d      0x189 src/syscalls.o
 .debug_macro   0x00003d06       0x16 src/syscalls.o
 .debug_macro   0x00003d1c       0x88 src/syscalls.o
 .debug_macro   0x00003da4      0x340 src/system_stm32f4xx.o

.debug_line     0x00000000     0xa126
 .debug_line    0x00000000      0x99c HAL_Driver/Src/stm32f4xx_hal.o
 .debug_line    0x0000099c      0xad8 HAL_Driver/Src/stm32f4xx_hal_cortex.o
 .debug_line    0x00001474      0xa8b HAL_Driver/Src/stm32f4xx_hal_dma.o
 .debug_line    0x00001eff      0x962 HAL_Driver/Src/stm32f4xx_hal_gpio.o
 .debug_line    0x00002861     0x17ab HAL_Driver/Src/stm32f4xx_hal_i2c.o
 .debug_line    0x0000400c      0xa06 HAL_Driver/Src/stm32f4xx_hal_rcc.o
 .debug_line    0x00004a12     0x10a1 HAL_Driver/Src/stm32f4xx_hal_uart.o
 .debug_line    0x00005ab3      0xcb6 UltraLiteDriver/VL53L1X_api.o
 .debug_line    0x00006769      0xaa1 UltraLiteDriver/platform.o
 .debug_line    0x0000720a      0xbba src/main.o
 .debug_line    0x00007dc4      0xb96 src/platform_specific.o
 .debug_line    0x0000895a      0x985 src/stm32f4xx_it.o
 .debug_line    0x000092df      0x5df src/syscalls.o
 .debug_line    0x000098be      0x7e9 src/system_stm32f4xx.o
 .debug_line    0x0000a0a7       0x7f startup/startup_stm32f401xe.o

.debug_str      0x00000000    0x8c59f
 .debug_str     0x00000000    0x8629d HAL_Driver/Src/stm32f4xx_hal.o
                              0x866a6 (size before relaxing)
 .debug_str     0x0008629d      0x3e1 HAL_Driver/Src/stm32f4xx_hal_cortex.o
                              0x8641b (size before relaxing)
 .debug_str     0x0008667e      0x522 HAL_Driver/Src/stm32f4xx_hal_dma.o
                              0x860e6 (size before relaxing)
 .debug_str     0x00086ba0      0x27a HAL_Driver/Src/stm32f4xx_hal_gpio.o
                              0x85f22 (size before relaxing)
 .debug_str     0x00086e1a      0xcb0 HAL_Driver/Src/stm32f4xx_hal_i2c.o
                              0x86ac7 (size before relaxing)
 .debug_str     0x00087aca      0x367 HAL_Driver/Src/stm32f4xx_hal_rcc.o
                              0x860c5 (size before relaxing)
 .debug_str     0x00087e31      0x6ad HAL_Driver/Src/stm32f4xx_hal_uart.o
                              0x864ef (size before relaxing)
 .debug_str     0x000884de     0x1908 UltraLiteDriver/VL53L1X_api.o
                              0x874a5 (size before relaxing)
 .debug_str     0x00089de6      0x882 UltraLiteDriver/platform.o
                              0x8764b (size before relaxing)
 .debug_str     0x0008a668      0xbe2 src/main.o
                              0x88db2 (size before relaxing)
 .debug_str     0x0008b24a      0x179 src/platform_specific.o
                              0x8817d (size before relaxing)
 .debug_str     0x0008b3c3       0x49 src/stm32f4xx_it.o
                              0x86816 (size before relaxing)
 .debug_str     0x0008b40c     0x1109 src/syscalls.o
                               0x86f2 (size before relaxing)
 .debug_str     0x0008c515       0x5a src/system_stm32f4xx.o
                              0x85cf0 (size before relaxing)
 .debug_str     0x0008c56f       0x30 startup/startup_stm32f401xe.o
                                 0x6f (size before relaxing)

.comment        0x00000000       0x7e
 .comment       0x00000000       0x7e HAL_Driver/Src/stm32f4xx_hal.o
                                 0x7f (size before relaxing)
 .comment       0x0000007e       0x7f HAL_Driver/Src/stm32f4xx_hal_cortex.o
 .comment       0x0000007e       0x7f HAL_Driver/Src/stm32f4xx_hal_dma.o
 .comment       0x0000007e       0x7f HAL_Driver/Src/stm32f4xx_hal_gpio.o
 .comment       0x0000007e       0x7f HAL_Driver/Src/stm32f4xx_hal_i2c.o
 .comment       0x0000007e       0x7f HAL_Driver/Src/stm32f4xx_hal_rcc.o
 .comment       0x0000007e       0x7f HAL_Driver/Src/stm32f4xx_hal_uart.o
 .comment       0x0000007e       0x7f UltraLiteDriver/VL53L1X_api.o
 .comment       0x0000007e       0x7f UltraLiteDriver/platform.o
 .comment       0x0000007e       0x7f src/main.o
 .comment       0x0000007e       0x7f src/platform_specific.o
 .comment       0x0000007e       0x7f src/stm32f4xx_it.o
 .comment       0x0000007e       0x7f src/syscalls.o
 .comment       0x0000007e       0x7f src/system_stm32f4xx.o

.debug_frame    0x00000000     0x3f5c
 .debug_frame   0x00000000      0x33c HAL_Driver/Src/stm32f4xx_hal.o
 .debug_frame   0x0000033c      0x498 HAL_Driver/Src/stm32f4xx_hal_cortex.o
 .debug_frame   0x000007d4      0x250 HAL_Driver/Src/stm32f4xx_hal_dma.o
 .debug_frame   0x00000a24      0x14c HAL_Driver/Src/stm32f4xx_hal_gpio.o
 .debug_frame   0x00000b70      0xb30 HAL_Driver/Src/stm32f4xx_hal_i2c.o
 .debug_frame   0x000016a0      0x1f0 HAL_Driver/Src/stm32f4xx_hal_rcc.o
 .debug_frame   0x00001890      0x83c HAL_Driver/Src/stm32f4xx_hal_uart.o
 .debug_frame   0x000020cc      0x614 UltraLiteDriver/VL53L1X_api.o
 .debug_frame   0x000026e0      0x2a4 UltraLiteDriver/platform.o
 .debug_frame   0x00002984      0x10c src/main.o
 .debug_frame   0x00002a90      0x248 src/platform_specific.o
 .debug_frame   0x00002cd8       0x58 src/stm32f4xx_it.o
 .debug_frame   0x00002d30      0x2d0 src/syscalls.o
 .debug_frame   0x00003000       0x58 src/system_stm32f4xx.o
 .debug_frame   0x00003058       0x3c c:/ac6/systemworkbench/plugins/fr.ac6.mcu.externaltools.arm-none.win32_1.16.0.201807130628/tools/compiler/bin/../lib/gcc/arm-none-eabi/7.2.1/../../../../arm-none-eabi/lib/thumb/v7e-m/fpv4-sp/hard\libm.a(lib_a-s_cos.o)
 .debug_frame   0x00003094       0x50 c:/ac6/systemworkbench/plugins/fr.ac6.mcu.externaltools.arm-none.win32_1.16.0.201807130628/tools/compiler/bin/../lib/gcc/arm-none-eabi/7.2.1/../../../../arm-none-eabi/lib/thumb/v7e-m/fpv4-sp/hard\libm.a(lib_a-w_pow.o)
 .debug_frame   0x000030e4       0x68 c:/ac6/systemworkbench/plugins/fr.ac6.mcu.externaltools.arm-none.win32_1.16.0.201807130628/tools/compiler/bin/../lib/gcc/arm-none-eabi/7.2.1/../../../../arm-none-eabi/lib/thumb/v7e-m/fpv4-sp/hard\libm.a(lib_a-e_pow.o)
 .debug_frame   0x0000314c       0x44 c:/ac6/systemworkbench/plugins/fr.ac6.mcu.externaltools.arm-none.win32_1.16.0.201807130628/tools/compiler/bin/../lib/gcc/arm-none-eabi/7.2.1/../../../../arm-none-eabi/lib/thumb/v7e-m/fpv4-sp/hard\libm.a(lib_a-e_rem_pio2.o)
 .debug_frame   0x00003190       0x30 c:/ac6/systemworkbench/plugins/fr.ac6.mcu.externaltools.arm-none.win32_1.16.0.201807130628/tools/compiler/bin/../lib/gcc/arm-none-eabi/7.2.1/../../../../arm-none-eabi/lib/thumb/v7e-m/fpv4-sp/hard\libm.a(lib_a-e_sqrt.o)
 .debug_frame   0x000031c0       0x6c c:/ac6/systemworkbench/plugins/fr.ac6.mcu.externaltools.arm-none.win32_1.16.0.201807130628/tools/compiler/bin/../lib/gcc/arm-none-eabi/7.2.1/../../../../arm-none-eabi/lib/thumb/v7e-m/fpv4-sp/hard\libm.a(lib_a-k_cos.o)